<html>
<body>
<pre>
<h1>µVision Build Log</h1>
<h2>Tool Versions:</h2>
IDE-Version: ¦ÌVision V5.29.0.0
Copyright (C) 2019 ARM Ltd and ARM Germany GmbH. All rights reserved.
License Information: Feihong Shi, HP Inc., LIC=----
 
Tool Versions:
Toolchain:       MDK-Lite  Version: 5.29.0.0
Toolchain Path:  D:\Program Files\Keil_V5\ARM\ARMCC\Bin
C Compiler:      Armcc.exe V5.06 update 6 (build 750)
Assembler:       Armasm.exe V5.06 update 6 (build 750)
Linker/Locator:  ArmLink.exe V5.06 update 6 (build 750)
Library Manager: ArmAr.exe V5.06 update 6 (build 750)
Hex Converter:   FromElf.exe V5.06 update 6 (build 750)
CPU DLL:         SARMCM3.DLL V5.29.0.0
Dialog DLL:      DCM.DLL V1.17.3.0
Target DLL:      UL2CM3.DLL V1.163.0.0
Dialog DLL:      TCM.DLL V1.36.5.0
 
<h2>Project:</h2>
D:\Desktop\S1-F-EXAM\Computer Architechure\Lab Codes\lab 07\02 Matrix with overflow\Matrix with overflow.uvprojx
Project File Date:  01/24/2020

<h2>Output:</h2>
*** Using Compiler 'V5.06 update 6 (build 750)', folder: 'D:\Program Files\Keil_V5\ARM\ARMCC\Bin'
Rebuild target 'Target 1'
assembling startup_LPC17xx.s...
RTE\Device\LPC1768\startup_LPC17xx.s(140): warning: A1865W: '#' not seen before constant expression
RTE\Device\LPC1768\startup_LPC17xx.s(143): warning: A1865W: '#' not seen before constant expression
RTE\Device\LPC1768\startup_LPC17xx.s(147): warning: A1865W: '#' not seen before constant expression
RTE\Device\LPC1768\startup_LPC17xx.s(149): warning: A1865W: '#' not seen before constant expression
RTE\Device\LPC1768\startup_LPC17xx.s(155): warning: A1865W: '#' not seen before constant expression
RTE\Device\LPC1768\startup_LPC17xx.s(161): warning: A1865W: '#' not seen before constant expression
RTE\Device\LPC1768\startup_LPC17xx.s(183): warning: A1865W: '#' not seen before constant expression
RTE\Device\LPC1768\startup_LPC17xx.s(187): warning: A1865W: '#' not seen before constant expression
RTE\Device\LPC1768\startup_LPC17xx.s(192): warning: A1865W: '#' not seen before constant expression
RTE\Device\LPC1768\startup_LPC17xx.s(196): warning: A1865W: '#' not seen before constant expression
compiling system_LPC17xx.c...
linking...
Program Size: Code=236 RO-data=532 RW-data=80 ZI-data=512  
".\Objects\Matrix with overflow.axf" - 0 Error(s), 10 Warning(s).

<h2>Software Packages used:</h2>

Package Vendor: ARM
                http://www.keil.com/pack/ARM.CMSIS.5.6.0.pack
                ARM.CMSIS.5.6.0
                CMSIS (Cortex Microcontroller Software Interface Standard)
   * Component: CORE Version: 5.3.0

Package Vendor: Keil
                http://www.keil.com/pack/Keil.LPC1700_DFP.2.6.0.pack
                Keil.LPC1700_DFP.2.6.0
                NXP LPC1700 Series Device Support, Drivers and Examples for MCB1700 and LPC1788-32
   * Component: Startup Version: 1.0.0

<h2>Collection of Component include folders:</h2>
  .\RTE\Device\LPC1768
  .\RTE\_Target_1
  D:\Program Files\Keil_V5\pack\ARM\CMSIS\5.6.0\CMSIS\Core\Include
  D:\Program Files\Keil_V5\pack\Keil\LPC1700_DFP\2.6.0\Device\Include

<h2>Collection of Component Files used:</h2>

   * Component: ARM::CMSIS:CORE:5.3.0

   * Component: Keil::Device:Startup:1.0.0
      Include file:  Device\Include\LPC17xx.h
      Source file:   Device\Source\system_LPC17xx.c
      Source file:   Device\Source\ARM\startup_LPC17xx.s
      Include file:  RTE_Driver\Config\RTE_Device.h
Build Time Elapsed:  00:00:01
</pre>
</body>
</html>
