<html>
<body>
<pre>
<h1>µVision Build Log</h1>
<h2>Tool Versions:</h2>
IDE-Version: ¦ÌVision V5.29.0.0
Copyright (C) 2019 ARM Ltd and ARM Germany GmbH. All rights reserved.
License Information: Feihong Shi, HP Inc., LIC=----
 
Tool Versions:
Toolchain:       MDK-Lite  Version: 5.29.0.0
Toolchain Path:  D:\Program Files\Keil_V5\ARM\ARMCC\Bin
C Compiler:      Armcc.exe V5.06 update 6 (build 750)
Assembler:       Armasm.exe V5.06 update 6 (build 750)
Linker/Locator:  ArmLink.exe V5.06 update 6 (build 750)
Library Manager: ArmAr.exe V5.06 update 6 (build 750)
Hex Converter:   FromElf.exe V5.06 update 6 (build 750)
CPU DLL:         SARMCM3.DLL V5.29.0.0
Dialog DLL:      DARMP1.DLL V1.27.0.0
Target DLL:      UL2CM3.DLL V1.163.0.0
Dialog DLL:      TCM.DLL V1.36.5.0
 
<h2>Project:</h2>
D:\Desktop\S1-F-EXAM\Computer Architechure\EXAM\2020-01.28 µÚ¶þ´Î\template\EXAM.uvprojx
Project File Date:  01/28/2020

<h2>Output:</h2>
*** Using Compiler 'V5.06 update 6 (build 750)', folder: 'D:\Program Files\Keil_V5\ARM\ARMCC\Bin'
Rebuild target 'Target 1'
compiling sample.c...
compiling IRQ_timer.c...
compiling IRQ_adc.c...
ADC_DAC\IRQ_adc.c(18): warning:  #177-D: variable "led_last"  was declared but never referenced
  	unsigned short led_last, led_current;
ADC_DAC\IRQ_adc.c(18): warning:  #177-D: variable "led_current"  was declared but never referenced
  	unsigned short led_last, led_current;
ADC_DAC\IRQ_adc.c: 2 warnings, 0 errors
compiling lib_led.c...
compiling lib_button.c...
compiling lib_adc_dac.c...
compiling IRQ_button.c...
assembling startup_LPC17xx.s...
RTE\Device\LPC1768\startup_LPC17xx.s(129): warning: A1865W: '#' not seen before constant expression
RTE\Device\LPC1768\startup_LPC17xx.s(152): warning: A1865W: '#' not seen before constant expression
RTE\Device\LPC1768\startup_LPC17xx.s(180): warning: A1865W: '#' not seen before constant expression
RTE\Device\LPC1768\startup_LPC17xx.s(200): warning: A1865W: '#' not seen before constant expression
RTE\Device\LPC1768\startup_LPC17xx.s(201): warning: A1865W: '#' not seen before constant expression
RTE\Device\LPC1768\startup_LPC17xx.s(202): warning: A1865W: '#' not seen before constant expression
RTE\Device\LPC1768\startup_LPC17xx.s(203): warning: A1865W: '#' not seen before constant expression
compiling lib_timer.c...
compiling system_LPC17xx.c...
linking...
Program Size: Code=696 RO-data=236 RW-data=4 ZI-data=612  
".\Objects\EXAM.axf" - 0 Error(s), 9 Warning(s).

<h2>Software Packages used:</h2>

Package Vendor: ARM
                http://www.keil.com/pack/ARM.CMSIS.5.6.0.pack
                ARM.CMSIS.5.6.0
                CMSIS (Cortex Microcontroller Software Interface Standard)
   * Component: CORE Version: 5.3.0

Package Vendor: Keil
                http://www.keil.com/pack/Keil.LPC1700_DFP.2.6.0.pack
                Keil.LPC1700_DFP.2.6.0
                NXP LPC1700 Series Device Support, Drivers and Examples for MCB1700 and LPC1788-32
   * Component: Startup Version: 1.0.0

<h2>Collection of Component include folders:</h2>
  .\RTE\Device\LPC1768
  .\RTE\_Target_1
  D:\Program Files\Keil_V5\pack\ARM\CMSIS\5.6.0\CMSIS\Core\Include
  D:\Program Files\Keil_V5\pack\Keil\LPC1700_DFP\2.6.0\Device\Include

<h2>Collection of Component Files used:</h2>

   * Component: ARM::CMSIS:CORE:5.3.0

   * Component: Keil::Device:Startup:1.0.0
      Include file:  RTE_Driver\Config\RTE_Device.h
      Source file:   Device\Source\ARM\startup_LPC17xx.s
      Include file:  Device\Include\LPC17xx.h
      Source file:   Device\Source\system_LPC17xx.c
Build Time Elapsed:  00:00:01
</pre>
</body>
</html>
