Component: ARM Compiler 5.06 update 6 (build 750) Tool: armlink [4d35ed]

==============================================================================

Section Cross References

    startup_armcm4.o(STACK) refers (Special) to heapauxi.o(.text) for __use_two_region_memory
    startup_armcm4.o(HEAP) refers (Special) to heapauxi.o(.text) for __use_two_region_memory
    startup_armcm4.o(RESET) refers (Special) to heapauxi.o(.text) for __use_two_region_memory
    startup_armcm4.o(RESET) refers to startup_armcm4.o(STACK) for __initial_sp
    startup_armcm4.o(RESET) refers to startup_armcm4.o(.text) for Reset_Handler
    startup_armcm4.o(.text) refers (Special) to heapauxi.o(.text) for __use_two_region_memory
    system_armcm4.o(i.SystemCoreClockUpdate) refers to system_armcm4.o(.data) for SystemCoreClock
    system_armcm4.o(i.SystemInit) refers to startup_armcm4.o(RESET) for __Vectors
    system_armcm4.o(i.SystemInit) refers to system_armcm4.o(.data) for SystemCoreClock


==============================================================================

Removing Unused input sections from the image.

    Removing startup_armcm4.o(HEAP), (3072 bytes).
    Removing system_armcm4.o(.rev16_text), (4 bytes).
    Removing system_armcm4.o(.revsh_text), (4 bytes).
    Removing system_armcm4.o(.rrx_text), (6 bytes).
    Removing system_armcm4.o(i.SystemCoreClockUpdate), (16 bytes).
    Removing system_armcm4.o(i.SystemInit), (32 bytes).
    Removing system_armcm4.o(.data), (4 bytes).

7 unused section(s) (total 3138 bytes) removed from the image.

==============================================================================

Image Symbol Table

    Local Symbols

    Symbol Name                              Value     Ov Type        Size  Object(Section)

    RESET                                    0x00000000   Section      960  startup_armcm4.o(RESET)
    ../clib/heapaux.c                        0x00000000   Number         0  heapauxi.o ABSOLUTE
    RTE\Device\ARMCM4\startup_ARMCM4.s       0x00000000   Number         0  startup_armcm4.o ABSOLUTE
    RTE\Device\ARMCM4\system_ARMCM4.c        0x00000000   Number         0  system_armcm4.o ABSOLUTE
    RTE\\Device\\ARMCM4\\system_ARMCM4.c     0x00000000   Number         0  system_armcm4.o ABSOLUTE
    dc.s                                     0x00000000   Number         0  dc.o ABSOLUTE
    .text                                    0x000003c0   Section       68  startup_armcm4.o(.text)
    .text                                    0x00000404   Section        0  heapauxi.o(.text)
    STACK                                    0x20000000   Section     1024  startup_armcm4.o(STACK)

    Global Symbols

    Symbol Name                              Value     Ov Type        Size  Object(Section)

    BuildAttributes$$THM_ISAv4$E$P$D$K$B$S$7EM$PE$A:L22UL41UL21$X:L11$S22US41US21$IEEE1$IW$USESV6$~STKCKD$USESV7$~SHL$OSPACE$ROPI$EBA8$STANDARDLIB$REQ8$PRES8$EABIv2 0x00000000   Number         0  anon$$obj.o ABSOLUTE
    __Vectors                                0x00000000   Data           4  startup_armcm4.o(RESET)
    Reset_Handler                            0x000003c1   Thumb Code    22  startup_armcm4.o(.text)
    __Vectors_End                            0x000003c0   Data           0  startup_armcm4.o(RESET)
    __Vectors_Size                           0x000003c0   Number         0  startup_armcm4.o ABSOLUTE
    NMI_Handler                              0x000003d7   Thumb Code     2  startup_armcm4.o(.text)
    HardFault_Handler                        0x000003d9   Thumb Code     2  startup_armcm4.o(.text)
    MemManage_Handler                        0x000003db   Thumb Code     2  startup_armcm4.o(.text)
    BusFault_Handler                         0x000003dd   Thumb Code     2  startup_armcm4.o(.text)
    UsageFault_Handler                       0x000003df   Thumb Code     2  startup_armcm4.o(.text)
    SVC_Handler                              0x000003e1   Thumb Code     2  startup_armcm4.o(.text)
    DebugMon_Handler                         0x000003e3   Thumb Code     2  startup_armcm4.o(.text)
    PendSV_Handler                           0x000003e5   Thumb Code     2  startup_armcm4.o(.text)
    SysTick_Handler                          0x000003e7   Thumb Code     2  startup_armcm4.o(.text)
    Interrupt0_Handler                       0x000003e9   Thumb Code     2  startup_armcm4.o(.text)
    Interrupt1_Handler                       0x000003eb   Thumb Code     2  startup_armcm4.o(.text)
    Interrupt2_Handler                       0x000003ed   Thumb Code     2  startup_armcm4.o(.text)
    Interrupt3_Handler                       0x000003ef   Thumb Code     2  startup_armcm4.o(.text)
    Interrupt4_Handler                       0x000003f1   Thumb Code     2  startup_armcm4.o(.text)
    Interrupt5_Handler                       0x000003f3   Thumb Code     2  startup_armcm4.o(.text)
    Interrupt6_Handler                       0x000003f5   Thumb Code     2  startup_armcm4.o(.text)
    Interrupt7_Handler                       0x000003f7   Thumb Code     2  startup_armcm4.o(.text)
    Interrupt8_Handler                       0x000003f9   Thumb Code     2  startup_armcm4.o(.text)
    Interrupt9_Handler                       0x000003fb   Thumb Code     2  startup_armcm4.o(.text)
    __use_two_region_memory                  0x00000405   Thumb Code     2  heapauxi.o(.text)
    __rt_heap_escrow$2region                 0x00000407   Thumb Code     2  heapauxi.o(.text)
    __rt_heap_expand$2region                 0x00000409   Thumb Code     2  heapauxi.o(.text)
    __stack_limit                            0x20000000   Data           0  startup_armcm4.o(STACK)
    __initial_sp                             0x20000400   Data           0  startup_armcm4.o(STACK)



==============================================================================

Memory Map of the image

  Image Entry point : 0x000003c1

  Load Region LR_1 (Base: 0x00000000, Size: 0x0000040c, Max: 0xffffffff, ABSOLUTE)

    Execution Region ER_RO (Exec base: 0x00000000, Load base: 0x00000000, Size: 0x0000040c, Max: 0xffffffff, ABSOLUTE)

    Exec Addr    Load Addr    Size         Type   Attr      Idx    E Section Name        Object

    0x00000000   0x00000000   0x000003c0   Data   RO            3    RESET               startup_armcm4.o
    0x000003c0   0x000003c0   0x00000044   Code   RO            4  * .text               startup_armcm4.o
    0x00000404   0x00000404   0x00000006   Code   RO           72    .text               c_w.l(heapauxi.o)


    Execution Region ER_RW (Exec base: 0x20000000, Load base: 0x0000040c, Size: 0x00000000, Max: 0xffffffff, ABSOLUTE)

    **** No section assigned to this execution region ****


    Execution Region ER_ZI (Exec base: 0x20000000, Load base: 0x0000040c, Size: 0x00000400, Max: 0xffffffff, ABSOLUTE)

    Exec Addr    Load Addr    Size         Type   Attr      Idx    E Section Name        Object

    0x20000000        -       0x00000400   Zero   RW            1    STACK               startup_armcm4.o


==============================================================================

Image component sizes


      Code (inc. data)   RO Data    RW Data    ZI Data      Debug   Object Name

        68          8        960          0       1024       1232   startup_armcm4.o

    ----------------------------------------------------------------------
        68          8        960          0       1024       1232   Object Totals
         0          0          0          0          0          0   (incl. Generated)
         0          0          0          0          0          0   (incl. Padding)

    ----------------------------------------------------------------------

      Code (inc. data)   RO Data    RW Data    ZI Data      Debug   Library Member Name

         6          0          0          0          0        152   heapauxi.o

    ----------------------------------------------------------------------
         8          0          0          0          0        152   Library Totals
         2          0          0          0          0          0   (incl. Padding)

    ----------------------------------------------------------------------

      Code (inc. data)   RO Data    RW Data    ZI Data      Debug   Library Name

         6          0          0          0          0        152   c_w.l

    ----------------------------------------------------------------------
         8          0          0          0          0        152   Library Totals

    ----------------------------------------------------------------------

==============================================================================


      Code (inc. data)   RO Data    RW Data    ZI Data      Debug   

        76          8        960          0       1024       1384   Grand Totals
        76          8        960          0       1024       1384   ELF Image Totals
        76          8        960          0          0          0   ROM Totals

==============================================================================

    Total RO  Size (Code + RO Data)                 1036 (   1.01kB)
    Total RW  Size (RW Data + ZI Data)              1024 (   1.00kB)
    Total ROM Size (Code + RO Data + RW Data)       1036 (   1.01kB)

==============================================================================

