Component: ARM Compiler 5.06 update 6 (build 750) Tool: armlink [4d35ed]

==============================================================================

Section Cross References

    c_functions.o(i.intSquareRoot) refers to dflt_clz.o(x$fpl$dflt) for __aeabi_i2d
    c_functions.o(i.intSquareRoot) refers to sqrt.o(i.sqrt) for sqrt
    c_functions.o(i.intSquareRoot) refers to daddsub_clz.o(x$fpl$dadd) for __aeabi_dadd
    c_functions.o(i.intSquareRoot) refers to floor.o(i.floor) for floor
    c_functions.o(i.intSquareRoot) refers to dfix.o(x$fpl$dfix) for __aeabi_d2iz
    c_functions.o(i.main) refers to asm_functions.o(myAsmFunctions) for concatenateString
    c_functions.o(i.main) refers to c_functions.o(i.inlineAssembly) for inlineAssembly
    c_functions.o(i.main) refers to c_functions.o(.emb_text) for embeddedAssembly
    startup_lpc17xx.o(STACK) refers (Special) to heapauxi.o(.text) for __use_two_region_memory
    startup_lpc17xx.o(HEAP) refers (Special) to heapauxi.o(.text) for __use_two_region_memory
    startup_lpc17xx.o(RESET) refers (Special) to heapauxi.o(.text) for __use_two_region_memory
    startup_lpc17xx.o(RESET) refers to startup_lpc17xx.o(STACK) for __initial_sp
    startup_lpc17xx.o(RESET) refers to startup_lpc17xx.o(.text) for Reset_Handler
    startup_lpc17xx.o(.ARM.__at_0x02FC) refers (Special) to heapauxi.o(.text) for __use_two_region_memory
    startup_lpc17xx.o(.text) refers (Special) to heapauxi.o(.text) for __use_two_region_memory
    startup_lpc17xx.o(.text) refers to c_functions.o(i.intSquareRoot) for intSquareRoot
    startup_lpc17xx.o(.text) refers to c_functions.o(i.solution1_grade4) for solution1_grade4
    startup_lpc17xx.o(.text) refers to __main.o(!!!main) for __main
    startup_lpc17xx.o(.text) refers to startup_lpc17xx.o(HEAP) for Heap_Mem
    startup_lpc17xx.o(.text) refers to startup_lpc17xx.o(STACK) for Stack_Mem
    system_lpc17xx.o(i.SystemCoreClockUpdate) refers to lludivv7m.o(.text) for __aeabi_uldivmod
    system_lpc17xx.o(i.SystemCoreClockUpdate) refers to system_lpc17xx.o(.data) for .data
    __main.o(!!!main) refers to __rtentry.o(.ARM.Collect$$rtentry$$00000000) for __rt_entry
    daddsub_clz.o(x$fpl$dadd) refers (Special) to usenofp.o(x$fpl$usenofp) for __I$use$fp
    daddsub_clz.o(x$fpl$dadd) refers to daddsub_clz.o(x$fpl$dsub) for _dsub1
    daddsub_clz.o(x$fpl$dadd) refers to dretinf.o(x$fpl$dretinf) for __fpl_dretinf
    daddsub_clz.o(x$fpl$dadd) refers to dnaninf.o(x$fpl$dnaninf) for __fpl_dnaninf
    daddsub_clz.o(x$fpl$drsb) refers (Special) to usenofp.o(x$fpl$usenofp) for __I$use$fp
    daddsub_clz.o(x$fpl$drsb) refers to daddsub_clz.o(x$fpl$dadd) for _dadd1
    daddsub_clz.o(x$fpl$drsb) refers to daddsub_clz.o(x$fpl$dsub) for _dsub1
    daddsub_clz.o(x$fpl$dsub) refers (Special) to usenofp.o(x$fpl$usenofp) for __I$use$fp
    daddsub_clz.o(x$fpl$dsub) refers to daddsub_clz.o(x$fpl$dadd) for _dadd1
    daddsub_clz.o(x$fpl$dsub) refers to dnaninf.o(x$fpl$dnaninf) for __fpl_dnaninf
    dfix.o(x$fpl$dfix) refers (Special) to usenofp.o(x$fpl$usenofp) for __I$use$fp
    dfix.o(x$fpl$dfix) refers to dnaninf.o(x$fpl$dnaninf) for __fpl_dnaninf
    dfix.o(x$fpl$dfixr) refers (Special) to usenofp.o(x$fpl$usenofp) for __I$use$fp
    dfix.o(x$fpl$dfixr) refers to dnaninf.o(x$fpl$dnaninf) for __fpl_dnaninf
    dflt_clz.o(x$fpl$dfltu) refers (Special) to usenofp.o(x$fpl$usenofp) for __I$use$fp
    dflt_clz.o(x$fpl$dflt) refers (Special) to usenofp.o(x$fpl$usenofp) for __I$use$fp
    dflt_clz.o(x$fpl$dfltn) refers (Special) to usenofp.o(x$fpl$usenofp) for __I$use$fp
    floor.o(i.__softfp_floor) refers (Special) to usenofp.o(x$fpl$usenofp) for __I$use$fp
    floor.o(i.__softfp_floor) refers to floor.o(i.floor) for floor
    floor.o(i.floor) refers (Special) to usenofp.o(x$fpl$usenofp) for __I$use$fp
    floor.o(i.floor) refers to daddsub_clz.o(x$fpl$dadd) for __aeabi_dadd
    floor.o(i.floor) refers to drleqf.o(x$fpl$drleqf) for __aeabi_cdrcmple
    floor.o(i.floor) refers to daddsub_clz.o(x$fpl$drsb) for __aeabi_drsub
    sqrt.o(i.__softfp_sqrt) refers (Special) to usenofp.o(x$fpl$usenofp) for __I$use$fp
    sqrt.o(i.__softfp_sqrt) refers to dsqrt_noumaal.o(x$fpl$dsqrt) for _dsqrt
    sqrt.o(i.__softfp_sqrt) refers to _rserrno.o(.text) for __set_errno
    sqrt.o(i.sqrt) refers (Special) to usenofp.o(x$fpl$usenofp) for __I$use$fp
    sqrt.o(i.sqrt) refers to dsqrt_noumaal.o(x$fpl$dsqrt) for _dsqrt
    sqrt.o(i.sqrt) refers to _rserrno.o(.text) for __set_errno
    sqrt_x.o(i.____softfp_sqrt$lsc) refers (Special) to usenofp.o(x$fpl$usenofp) for __I$use$fp
    sqrt_x.o(i.____softfp_sqrt$lsc) refers to dleqf.o(x$fpl$dleqf) for __aeabi_cdcmple
    sqrt_x.o(i.____softfp_sqrt$lsc) refers to _rserrno.o(.text) for __set_errno
    sqrt_x.o(i.____softfp_sqrt$lsc) refers to dsqrt_noumaal.o(x$fpl$dsqrt) for _dsqrt
    sqrt_x.o(i.__sqrt$lsc) refers (Special) to usenofp.o(x$fpl$usenofp) for __I$use$fp
    sqrt_x.o(i.__sqrt$lsc) refers to dleqf.o(x$fpl$dleqf) for __aeabi_cdcmple
    sqrt_x.o(i.__sqrt$lsc) refers to _rserrno.o(.text) for __set_errno
    sqrt_x.o(i.__sqrt$lsc) refers to dsqrt_noumaal.o(x$fpl$dsqrt) for _dsqrt
    __rtentry.o(.ARM.Collect$$rtentry$$00000000) refers (Special) to __rtentry2.o(.ARM.Collect$$rtentry$$0000000A) for __rt_entry_li
    __rtentry.o(.ARM.Collect$$rtentry$$00000000) refers (Special) to __rtentry2.o(.ARM.Collect$$rtentry$$0000000D) for __rt_entry_main
    __rtentry.o(.ARM.Collect$$rtentry$$00000000) refers (Special) to __rtentry2.o(.ARM.Collect$$rtentry$$0000000C) for __rt_entry_postli_1
    __rtentry.o(.ARM.Collect$$rtentry$$00000000) refers (Special) to __rtentry2.o(.ARM.Collect$$rtentry$$00000009) for __rt_entry_postsh_1
    __rtentry.o(.ARM.Collect$$rtentry$$00000000) refers (Special) to __rtentry2.o(.ARM.Collect$$rtentry$$00000002) for __rt_entry_presh_1
    __rtentry.o(.ARM.Collect$$rtentry$$00000000) refers (Special) to __rtentry4.o(.ARM.Collect$$rtentry$$00000004) for __rt_entry_sh
    aeabi_ldiv0_sigfpe.o(.text) refers to rt_div0.o(.text) for __rt_div0
    _rserrno.o(.text) refers to rt_errno_addr_intlibspace.o(.text) for __aeabi_errno_addr
    dleqf.o(x$fpl$dleqf) refers (Special) to usenofp.o(x$fpl$usenofp) for __I$use$fp
    dleqf.o(x$fpl$dleqf) refers to dnaninf.o(x$fpl$dnaninf) for __fpl_dnaninf
    dleqf.o(x$fpl$dleqf) refers to dcmpi.o(x$fpl$dcmpinf) for __fpl_dcmp_Inf
    dnaninf.o(x$fpl$dnaninf) refers (Special) to usenofp.o(x$fpl$usenofp) for __I$use$fp
    dretinf.o(x$fpl$dretinf) refers (Special) to usenofp.o(x$fpl$usenofp) for __I$use$fp
    drleqf.o(x$fpl$drleqf) refers (Special) to usenofp.o(x$fpl$usenofp) for __I$use$fp
    drleqf.o(x$fpl$drleqf) refers to dleqf.o(x$fpl$dleqf) for __fpl_dcmple_InfNaN
    dsqrt_noumaal.o(x$fpl$dsqrt) refers (Special) to usenofp.o(x$fpl$usenofp) for __I$use$fp
    dsqrt_noumaal.o(x$fpl$dsqrt) refers to dnaninf.o(x$fpl$dnaninf) for __fpl_dnaninf
    __rtentry2.o(.ARM.Collect$$rtentry$$00000008) refers to boardinit2.o(.text) for _platform_post_stackheap_init
    __rtentry2.o(.ARM.Collect$$rtentry$$0000000A) refers to libinit.o(.ARM.Collect$$libinit$$00000000) for __rt_lib_init
    __rtentry2.o(.ARM.Collect$$rtentry$$0000000B) refers to boardinit3.o(.text) for _platform_post_lib_init
    __rtentry2.o(.ARM.Collect$$rtentry$$0000000D) refers to c_functions.o(i.main) for main
    __rtentry2.o(.ARM.Collect$$rtentry$$0000000D) refers to exit.o(.text) for exit
    __rtentry2.o(.ARM.exidx) refers to __rtentry2.o(.ARM.Collect$$rtentry$$00000001) for .ARM.Collect$$rtentry$$00000001
    __rtentry2.o(.ARM.exidx) refers to __rtentry2.o(.ARM.Collect$$rtentry$$00000008) for .ARM.Collect$$rtentry$$00000008
    __rtentry2.o(.ARM.exidx) refers to __rtentry2.o(.ARM.Collect$$rtentry$$0000000A) for .ARM.Collect$$rtentry$$0000000A
    __rtentry2.o(.ARM.exidx) refers to __rtentry2.o(.ARM.Collect$$rtentry$$0000000B) for .ARM.Collect$$rtentry$$0000000B
    __rtentry2.o(.ARM.exidx) refers to __rtentry2.o(.ARM.Collect$$rtentry$$0000000D) for .ARM.Collect$$rtentry$$0000000D
    __rtentry4.o(.ARM.Collect$$rtentry$$00000004) refers to sys_stackheap_outer.o(.text) for __user_setup_stackheap
    __rtentry4.o(.ARM.exidx) refers to __rtentry4.o(.ARM.Collect$$rtentry$$00000004) for .ARM.Collect$$rtentry$$00000004
    rt_div0.o(.text) refers to defsig_fpe_outer.o(.text) for __rt_SIGFPE
    rt_errno_addr.o(.text) refers to rt_errno_addr.o(.bss) for __aeabi_errno_addr_data
    rt_errno_addr_intlibspace.o(.text) refers to libspace.o(.bss) for __libspace_start
    dcmpi.o(x$fpl$dcmpinf) refers (Special) to usenofp.o(x$fpl$usenofp) for __I$use$fp
    libspace.o(.text) refers to libspace.o(.bss) for __libspace_start
    sys_stackheap_outer.o(.text) refers to libspace.o(.text) for __user_perproc_libspace
    sys_stackheap_outer.o(.text) refers to startup_lpc17xx.o(.text) for __user_initial_stackheap
    exit.o(.text) refers to rtexit.o(.ARM.Collect$$rtexit$$00000000) for __rt_exit
    defsig_fpe_outer.o(.text) refers to defsig_fpe_inner.o(.text) for __rt_SIGFPE_inner
    defsig_fpe_outer.o(.text) refers to defsig_exit.o(.text) for __sig_exit
    defsig_fpe_formal.o(.text) refers to rt_raise.o(.text) for __rt_raise
    libinit.o(.ARM.Collect$$libinit$$00000000) refers (Special) to libinit2.o(.ARM.Collect$$libinit$$0000002E) for __rt_lib_init_alloca_1
    libinit.o(.ARM.Collect$$libinit$$00000000) refers (Special) to libinit2.o(.ARM.Collect$$libinit$$0000002C) for __rt_lib_init_argv_1
    libinit.o(.ARM.Collect$$libinit$$00000000) refers (Special) to libinit2.o(.ARM.Collect$$libinit$$0000001B) for __rt_lib_init_atexit_1
    libinit.o(.ARM.Collect$$libinit$$00000000) refers (Special) to libinit2.o(.ARM.Collect$$libinit$$00000021) for __rt_lib_init_clock_1
    libinit.o(.ARM.Collect$$libinit$$00000000) refers (Special) to libinit2.o(.ARM.Collect$$libinit$$00000032) for __rt_lib_init_cpp_1
    libinit.o(.ARM.Collect$$libinit$$00000000) refers (Special) to libinit2.o(.ARM.Collect$$libinit$$00000030) for __rt_lib_init_exceptions_1
    libinit.o(.ARM.Collect$$libinit$$00000000) refers (Special) to libinit2.o(.ARM.Collect$$libinit$$00000002) for __rt_lib_init_fp_1
    libinit.o(.ARM.Collect$$libinit$$00000000) refers (Special) to libinit2.o(.ARM.Collect$$libinit$$0000001F) for __rt_lib_init_fp_trap_1
    libinit.o(.ARM.Collect$$libinit$$00000000) refers (Special) to libinit2.o(.ARM.Collect$$libinit$$00000023) for __rt_lib_init_getenv_1
    libinit.o(.ARM.Collect$$libinit$$00000000) refers (Special) to libinit2.o(.ARM.Collect$$libinit$$0000000A) for __rt_lib_init_heap_1
    libinit.o(.ARM.Collect$$libinit$$00000000) refers (Special) to libinit2.o(.ARM.Collect$$libinit$$00000011) for __rt_lib_init_lc_collate_1
    libinit.o(.ARM.Collect$$libinit$$00000000) refers (Special) to libinit2.o(.ARM.Collect$$libinit$$00000013) for __rt_lib_init_lc_ctype_1
    libinit.o(.ARM.Collect$$libinit$$00000000) refers (Special) to libinit2.o(.ARM.Collect$$libinit$$00000015) for __rt_lib_init_lc_monetary_1
    libinit.o(.ARM.Collect$$libinit$$00000000) refers (Special) to libinit2.o(.ARM.Collect$$libinit$$00000017) for __rt_lib_init_lc_numeric_1
    libinit.o(.ARM.Collect$$libinit$$00000000) refers (Special) to libinit2.o(.ARM.Collect$$libinit$$00000019) for __rt_lib_init_lc_time_1
    libinit.o(.ARM.Collect$$libinit$$00000000) refers (Special) to libinit2.o(.ARM.Collect$$libinit$$00000004) for __rt_lib_init_preinit_1
    libinit.o(.ARM.Collect$$libinit$$00000000) refers (Special) to libinit2.o(.ARM.Collect$$libinit$$0000000E) for __rt_lib_init_rand_1
    libinit.o(.ARM.Collect$$libinit$$00000000) refers (Special) to libinit2.o(.ARM.Collect$$libinit$$00000033) for __rt_lib_init_return
    libinit.o(.ARM.Collect$$libinit$$00000000) refers (Special) to libinit2.o(.ARM.Collect$$libinit$$0000001D) for __rt_lib_init_signal_1
    libinit.o(.ARM.Collect$$libinit$$00000000) refers (Special) to libinit2.o(.ARM.Collect$$libinit$$00000025) for __rt_lib_init_stdio_1
    libinit.o(.ARM.Collect$$libinit$$00000000) refers (Special) to libinit2.o(.ARM.Collect$$libinit$$0000000C) for __rt_lib_init_user_alloc_1
    rtexit.o(.ARM.Collect$$rtexit$$00000000) refers (Special) to rtexit2.o(.ARM.Collect$$rtexit$$00000004) for __rt_exit_exit
    rtexit.o(.ARM.Collect$$rtexit$$00000000) refers (Special) to rtexit2.o(.ARM.Collect$$rtexit$$00000003) for __rt_exit_ls
    rtexit.o(.ARM.Collect$$rtexit$$00000000) refers (Special) to rtexit2.o(.ARM.Collect$$rtexit$$00000002) for __rt_exit_prels_1
    rtexit.o(.ARM.exidx) refers (Special) to rtexit2.o(.ARM.Collect$$rtexit$$00000004) for __rt_exit_exit
    rtexit.o(.ARM.exidx) refers (Special) to rtexit2.o(.ARM.Collect$$rtexit$$00000003) for __rt_exit_ls
    rtexit.o(.ARM.exidx) refers (Special) to rtexit2.o(.ARM.Collect$$rtexit$$00000002) for __rt_exit_prels_1
    rtexit.o(.ARM.exidx) refers to rtexit.o(.ARM.Collect$$rtexit$$00000000) for .ARM.Collect$$rtexit$$00000000
    rt_raise.o(.text) refers to __raise.o(.text) for __raise
    rt_raise.o(.text) refers to sys_exit.o(.text) for _sys_exit
    defsig_exit.o(.text) refers to sys_exit.o(.text) for _sys_exit
    defsig_fpe_inner.o(.text) refers to defsig_general.o(.text) for __default_signal_display
    libinit2.o(.ARM.Collect$$libinit$$00000010) refers to libinit2.o(.ARM.Collect$$libinit$$0000000F) for .ARM.Collect$$libinit$$0000000F
    libinit2.o(.ARM.Collect$$libinit$$00000012) refers to libinit2.o(.ARM.Collect$$libinit$$0000000F) for .ARM.Collect$$libinit$$0000000F
    libinit2.o(.ARM.Collect$$libinit$$00000014) refers to libinit2.o(.ARM.Collect$$libinit$$0000000F) for .ARM.Collect$$libinit$$0000000F
    libinit2.o(.ARM.Collect$$libinit$$00000016) refers to libinit2.o(.ARM.Collect$$libinit$$0000000F) for .ARM.Collect$$libinit$$0000000F
    libinit2.o(.ARM.Collect$$libinit$$00000018) refers to libinit2.o(.ARM.Collect$$libinit$$0000000F) for .ARM.Collect$$libinit$$0000000F
    libinit2.o(.ARM.Collect$$libinit$$00000026) refers to argv_veneer.o(.emb_text) for __ARM_argv_veneer
    libinit2.o(.ARM.Collect$$libinit$$00000027) refers to argv_veneer.o(.emb_text) for __ARM_argv_veneer
    sys_exit.o(.text) refers (Special) to use_no_semi.o(.text) for __I$use$semihosting
    sys_exit.o(.text) refers (Special) to indicate_semi.o(.text) for __semihosting_library_function
    rtexit2.o(.ARM.Collect$$rtexit$$00000003) refers to libshutdown.o(.ARM.Collect$$libshutdown$$00000000) for __rt_lib_shutdown
    rtexit2.o(.ARM.Collect$$rtexit$$00000004) refers to sys_exit.o(.text) for _sys_exit
    rtexit2.o(.ARM.exidx) refers to rtexit2.o(.ARM.Collect$$rtexit$$00000001) for .ARM.Collect$$rtexit$$00000001
    rtexit2.o(.ARM.exidx) refers to rtexit2.o(.ARM.Collect$$rtexit$$00000003) for .ARM.Collect$$rtexit$$00000003
    rtexit2.o(.ARM.exidx) refers to rtexit2.o(.ARM.Collect$$rtexit$$00000004) for .ARM.Collect$$rtexit$$00000004
    __raise.o(.text) refers to defsig.o(CL$$defsig) for __default_signal_handler
    defsig_general.o(.text) refers to sys_wrch.o(.text) for _ttywrch
    argv_veneer.o(.emb_text) refers to no_argv.o(.text) for __ARM_get_argv
    sys_wrch.o(.text) refers (Special) to use_no_semi.o(.text) for __I$use$semihosting
    sys_wrch.o(.text) refers (Special) to indicate_semi.o(.text) for __semihosting_library_function
    defsig.o(CL$$defsig) refers to defsig_fpe_inner.o(.text) for __rt_SIGFPE_inner
    defsig.o(CL$$defsig) refers to defsig_rtmem_inner.o(.text) for __rt_SIGRTMEM_inner
    _get_argv_nomalloc.o(.text) refers (Special) to hrguard.o(.text) for __heap_region$guard
    _get_argv_nomalloc.o(.text) refers to defsig_rtmem_outer.o(.text) for __rt_SIGRTMEM
    _get_argv_nomalloc.o(.text) refers to sys_command.o(.text) for _sys_command_string
    libshutdown.o(.ARM.Collect$$libshutdown$$00000000) refers (Special) to libshutdown2.o(.ARM.Collect$$libshutdown$$00000002) for __rt_lib_shutdown_cpp_1
    libshutdown.o(.ARM.Collect$$libshutdown$$00000000) refers (Special) to libshutdown2.o(.ARM.Collect$$libshutdown$$00000007) for __rt_lib_shutdown_fp_trap_1
    libshutdown.o(.ARM.Collect$$libshutdown$$00000000) refers (Special) to libshutdown2.o(.ARM.Collect$$libshutdown$$0000000F) for __rt_lib_shutdown_heap_1
    libshutdown.o(.ARM.Collect$$libshutdown$$00000000) refers (Special) to libshutdown2.o(.ARM.Collect$$libshutdown$$00000010) for __rt_lib_shutdown_return
    libshutdown.o(.ARM.Collect$$libshutdown$$00000000) refers (Special) to libshutdown2.o(.ARM.Collect$$libshutdown$$0000000A) for __rt_lib_shutdown_signal_1
    libshutdown.o(.ARM.Collect$$libshutdown$$00000000) refers (Special) to libshutdown2.o(.ARM.Collect$$libshutdown$$00000004) for __rt_lib_shutdown_stdio_1
    libshutdown.o(.ARM.Collect$$libshutdown$$00000000) refers (Special) to libshutdown2.o(.ARM.Collect$$libshutdown$$0000000C) for __rt_lib_shutdown_user_alloc_1
    sys_command.o(.text) refers (Special) to use_no_semi.o(.text) for __I$use$semihosting
    sys_command.o(.text) refers (Special) to indicate_semi.o(.text) for __semihosting_library_function
    defsig_abrt_inner.o(.text) refers to defsig_general.o(.text) for __default_signal_display
    defsig_rtred_inner.o(.text) refers to defsig_general.o(.text) for __default_signal_display
    defsig_rtmem_inner.o(.text) refers to defsig_general.o(.text) for __default_signal_display
    defsig_rtmem_outer.o(.text) refers to defsig_rtmem_inner.o(.text) for __rt_SIGRTMEM_inner
    defsig_rtmem_outer.o(.text) refers to defsig_exit.o(.text) for __sig_exit
    defsig_rtmem_formal.o(.text) refers to rt_raise.o(.text) for __rt_raise
    defsig_stak_inner.o(.text) refers to defsig_general.o(.text) for __default_signal_display
    defsig_pvfn_inner.o(.text) refers to defsig_general.o(.text) for __default_signal_display
    defsig_cppl_inner.o(.text) refers to defsig_general.o(.text) for __default_signal_display
    defsig_segv_inner.o(.text) refers to defsig_general.o(.text) for __default_signal_display
    defsig_other.o(.text) refers to defsig_general.o(.text) for __default_signal_display


==============================================================================

Removing Unused input sections from the image.

    Removing system_lpc17xx.o(.rev16_text), (4 bytes).
    Removing system_lpc17xx.o(.revsh_text), (4 bytes).
    Removing system_lpc17xx.o(.rrx_text), (6 bytes).
    Removing system_lpc17xx.o(i.SystemCoreClockUpdate), (288 bytes).
    Removing system_lpc17xx.o(i.SystemInit), (184 bytes).
    Removing system_lpc17xx.o(.data), (4 bytes).

6 unused section(s) (total 490 bytes) removed from the image.

==============================================================================

Image Symbol Table

    Local Symbols

    Symbol Name                              Value     Ov Type        Size  Object(Section)

    RESET                                    0x00000000   Section      204  startup_lpc17xx.o(RESET)
    ../clib/angel/boardlib.s                 0x00000000   Number         0  boardinit1.o ABSOLUTE
    ../clib/angel/boardlib.s                 0x00000000   Number         0  boardinit2.o ABSOLUTE
    ../clib/angel/boardlib.s                 0x00000000   Number         0  boardshut.o ABSOLUTE
    ../clib/angel/boardlib.s                 0x00000000   Number         0  boardinit3.o ABSOLUTE
    ../clib/angel/handlers.s                 0x00000000   Number         0  __scatter_zi.o ABSOLUTE
    ../clib/angel/kernel.s                   0x00000000   Number         0  __rtentry2.o ABSOLUTE
    ../clib/angel/kernel.s                   0x00000000   Number         0  __rtentry4.o ABSOLUTE
    ../clib/angel/kernel.s                   0x00000000   Number         0  rtexit2.o ABSOLUTE
    ../clib/angel/kernel.s                   0x00000000   Number         0  __rtentry.o ABSOLUTE
    ../clib/angel/kernel.s                   0x00000000   Number         0  rtexit.o ABSOLUTE
    ../clib/angel/rt.s                       0x00000000   Number         0  aeabi_ldiv0_sigfpe.o ABSOLUTE
    ../clib/angel/rt.s                       0x00000000   Number         0  aeabi_ldiv0.o ABSOLUTE
    ../clib/angel/rt.s                       0x00000000   Number         0  rt_div0.o ABSOLUTE
    ../clib/angel/rt.s                       0x00000000   Number         0  rt_errno_addr.o ABSOLUTE
    ../clib/angel/rt.s                       0x00000000   Number         0  rt_errno_addr_intlibspace.o ABSOLUTE
    ../clib/angel/rt.s                       0x00000000   Number         0  rt_raise.o ABSOLUTE
    ../clib/angel/scatter.s                  0x00000000   Number         0  __scatter.o ABSOLUTE
    ../clib/angel/startup.s                  0x00000000   Number         0  __main.o ABSOLUTE
    ../clib/angel/sys.s                      0x00000000   Number         0  use_no_semi.o ABSOLUTE
    ../clib/angel/sys.s                      0x00000000   Number         0  libspace.o ABSOLUTE
    ../clib/angel/sys.s                      0x00000000   Number         0  indicate_semi.o ABSOLUTE
    ../clib/angel/sys.s                      0x00000000   Number         0  sys_stackheap_outer.o ABSOLUTE
    ../clib/angel/sysapp.c                   0x00000000   Number         0  sys_exit.o ABSOLUTE
    ../clib/angel/sysapp.c                   0x00000000   Number         0  sys_wrch.o ABSOLUTE
    ../clib/angel/sysapp.c                   0x00000000   Number         0  sys_command.o ABSOLUTE
    ../clib/armsys.c                         0x00000000   Number         0  no_argv.o ABSOLUTE
    ../clib/armsys.c                         0x00000000   Number         0  _get_argv_nomalloc.o ABSOLUTE
    ../clib/armsys.c                         0x00000000   Number         0  argv_veneer.o ABSOLUTE
    ../clib/armsys.c                         0x00000000   Number         0  argv_veneer.o ABSOLUTE
    ../clib/fenv.c                           0x00000000   Number         0  _rserrno.o ABSOLUTE
    ../clib/heapalloc.c                      0x00000000   Number         0  hrguard.o ABSOLUTE
    ../clib/heapaux.c                        0x00000000   Number         0  heapauxi.o ABSOLUTE
    ../clib/libinit.s                        0x00000000   Number         0  libshutdown.o ABSOLUTE
    ../clib/libinit.s                        0x00000000   Number         0  libinit2.o ABSOLUTE
    ../clib/libinit.s                        0x00000000   Number         0  libshutdown2.o ABSOLUTE
    ../clib/libinit.s                        0x00000000   Number         0  libinit.o ABSOLUTE
    ../clib/longlong.s                       0x00000000   Number         0  lludivv7m.o ABSOLUTE
    ../clib/signal.c                         0x00000000   Number         0  defsig_abrt_inner.o ABSOLUTE
    ../clib/signal.c                         0x00000000   Number         0  defsig_fpe_outer.o ABSOLUTE
    ../clib/signal.c                         0x00000000   Number         0  defsig_general.o ABSOLUTE
    ../clib/signal.c                         0x00000000   Number         0  __raise.o ABSOLUTE
    ../clib/signal.c                         0x00000000   Number         0  defsig_rtred_inner.o ABSOLUTE
    ../clib/signal.c                         0x00000000   Number         0  defsig_fpe_inner.o ABSOLUTE
    ../clib/signal.c                         0x00000000   Number         0  defsig_exit.o ABSOLUTE
    ../clib/signal.c                         0x00000000   Number         0  defsig_fpe_formal.o ABSOLUTE
    ../clib/signal.c                         0x00000000   Number         0  defsig_other.o ABSOLUTE
    ../clib/signal.c                         0x00000000   Number         0  defsig_segv_inner.o ABSOLUTE
    ../clib/signal.c                         0x00000000   Number         0  defsig_cppl_inner.o ABSOLUTE
    ../clib/signal.c                         0x00000000   Number         0  defsig_pvfn_inner.o ABSOLUTE
    ../clib/signal.c                         0x00000000   Number         0  defsig_stak_inner.o ABSOLUTE
    ../clib/signal.c                         0x00000000   Number         0  defsig_rtmem_formal.o ABSOLUTE
    ../clib/signal.c                         0x00000000   Number         0  defsig_rtmem_outer.o ABSOLUTE
    ../clib/signal.c                         0x00000000   Number         0  defsig_rtmem_inner.o ABSOLUTE
    ../clib/signal.s                         0x00000000   Number         0  defsig.o ABSOLUTE
    ../clib/stdlib.c                         0x00000000   Number         0  exit.o ABSOLUTE
    ../fplib/daddsub.s                       0x00000000   Number         0  daddsub_clz.o ABSOLUTE
    ../fplib/dcmpi.s                         0x00000000   Number         0  dcmpi.o ABSOLUTE
    ../fplib/dfix.s                          0x00000000   Number         0  dfix.o ABSOLUTE
    ../fplib/dflt.s                          0x00000000   Number         0  dflt_clz.o ABSOLUTE
    ../fplib/dleqf.s                         0x00000000   Number         0  dleqf.o ABSOLUTE
    ../fplib/dnaninf.s                       0x00000000   Number         0  dnaninf.o ABSOLUTE
    ../fplib/dretinf.s                       0x00000000   Number         0  dretinf.o ABSOLUTE
    ../fplib/drleqf.s                        0x00000000   Number         0  drleqf.o ABSOLUTE
    ../fplib/dsqrt.s                         0x00000000   Number         0  dsqrt_noumaal.o ABSOLUTE
    ../fplib/fpinit.s                        0x00000000   Number         0  fpinit.o ABSOLUTE
    ../fplib/usenofp.s                       0x00000000   Number         0  usenofp.o ABSOLUTE
    ../mathlib/floor.c                       0x00000000   Number         0  floor.o ABSOLUTE
    ../mathlib/sqrt.c                        0x00000000   Number         0  sqrt.o ABSOLUTE
    ../mathlib/sqrt.c                        0x00000000   Number         0  sqrt_x.o ABSOLUTE
    ASM_functions.s                          0x00000000   Number         0  asm_functions.o ABSOLUTE
    C_functions.c                            0x00000000   Number         0  c_functions.o ABSOLUTE
    C_functions.c                            0x00000000   Number         0  c_functions.o ABSOLUTE
    RTE\Device\LPC1768\startup_LPC17xx.s     0x00000000   Number         0  startup_lpc17xx.o ABSOLUTE
    RTE\Device\LPC1768\system_LPC17xx.c      0x00000000   Number         0  system_lpc17xx.o ABSOLUTE
    RTE\\Device\\LPC1768\\system_LPC17xx.c   0x00000000   Number         0  system_lpc17xx.o ABSOLUTE
    dc.s                                     0x00000000   Number         0  dc.o ABSOLUTE
    !!!main                                  0x000000cc   Section        8  __main.o(!!!main)
    !!!scatter                               0x000000d4   Section       52  __scatter.o(!!!scatter)
    !!handler_zi                             0x00000108   Section       28  __scatter_zi.o(!!handler_zi)
    .ARM.Collect$$libinit$$00000000          0x00000124   Section        2  libinit.o(.ARM.Collect$$libinit$$00000000)
    .ARM.Collect$$libinit$$00000002          0x00000126   Section        0  libinit2.o(.ARM.Collect$$libinit$$00000002)
    .ARM.Collect$$libinit$$00000004          0x00000126   Section        0  libinit2.o(.ARM.Collect$$libinit$$00000004)
    .ARM.Collect$$libinit$$0000000A          0x00000126   Section        0  libinit2.o(.ARM.Collect$$libinit$$0000000A)
    .ARM.Collect$$libinit$$0000000C          0x00000126   Section        0  libinit2.o(.ARM.Collect$$libinit$$0000000C)
    .ARM.Collect$$libinit$$0000000E          0x00000126   Section        0  libinit2.o(.ARM.Collect$$libinit$$0000000E)
    .ARM.Collect$$libinit$$00000011          0x00000126   Section        0  libinit2.o(.ARM.Collect$$libinit$$00000011)
    .ARM.Collect$$libinit$$00000013          0x00000126   Section        0  libinit2.o(.ARM.Collect$$libinit$$00000013)
    .ARM.Collect$$libinit$$00000015          0x00000126   Section        0  libinit2.o(.ARM.Collect$$libinit$$00000015)
    .ARM.Collect$$libinit$$00000017          0x00000126   Section        0  libinit2.o(.ARM.Collect$$libinit$$00000017)
    .ARM.Collect$$libinit$$00000019          0x00000126   Section        0  libinit2.o(.ARM.Collect$$libinit$$00000019)
    .ARM.Collect$$libinit$$0000001B          0x00000126   Section        0  libinit2.o(.ARM.Collect$$libinit$$0000001B)
    .ARM.Collect$$libinit$$0000001D          0x00000126   Section        0  libinit2.o(.ARM.Collect$$libinit$$0000001D)
    .ARM.Collect$$libinit$$0000001F          0x00000126   Section        0  libinit2.o(.ARM.Collect$$libinit$$0000001F)
    .ARM.Collect$$libinit$$00000021          0x00000126   Section        0  libinit2.o(.ARM.Collect$$libinit$$00000021)
    .ARM.Collect$$libinit$$00000023          0x00000126   Section        0  libinit2.o(.ARM.Collect$$libinit$$00000023)
    .ARM.Collect$$libinit$$00000025          0x00000126   Section        0  libinit2.o(.ARM.Collect$$libinit$$00000025)
    .ARM.Collect$$libinit$$0000002C          0x00000126   Section        0  libinit2.o(.ARM.Collect$$libinit$$0000002C)
    .ARM.Collect$$libinit$$0000002E          0x00000126   Section        0  libinit2.o(.ARM.Collect$$libinit$$0000002E)
    .ARM.Collect$$libinit$$00000030          0x00000126   Section        0  libinit2.o(.ARM.Collect$$libinit$$00000030)
    .ARM.Collect$$libinit$$00000032          0x00000126   Section        0  libinit2.o(.ARM.Collect$$libinit$$00000032)
    .ARM.Collect$$libinit$$00000033          0x00000126   Section        2  libinit2.o(.ARM.Collect$$libinit$$00000033)
    .ARM.Collect$$libshutdown$$00000000      0x00000128   Section        2  libshutdown.o(.ARM.Collect$$libshutdown$$00000000)
    .ARM.Collect$$libshutdown$$00000002      0x0000012a   Section        0  libshutdown2.o(.ARM.Collect$$libshutdown$$00000002)
    .ARM.Collect$$libshutdown$$00000004      0x0000012a   Section        0  libshutdown2.o(.ARM.Collect$$libshutdown$$00000004)
    .ARM.Collect$$libshutdown$$00000007      0x0000012a   Section        0  libshutdown2.o(.ARM.Collect$$libshutdown$$00000007)
    .ARM.Collect$$libshutdown$$0000000A      0x0000012a   Section        0  libshutdown2.o(.ARM.Collect$$libshutdown$$0000000A)
    .ARM.Collect$$libshutdown$$0000000C      0x0000012a   Section        0  libshutdown2.o(.ARM.Collect$$libshutdown$$0000000C)
    .ARM.Collect$$libshutdown$$0000000F      0x0000012a   Section        0  libshutdown2.o(.ARM.Collect$$libshutdown$$0000000F)
    .ARM.Collect$$libshutdown$$00000010      0x0000012a   Section        2  libshutdown2.o(.ARM.Collect$$libshutdown$$00000010)
    .ARM.Collect$$rtentry$$00000000          0x0000012c   Section        0  __rtentry.o(.ARM.Collect$$rtentry$$00000000)
    .ARM.Collect$$rtentry$$00000002          0x0000012c   Section        0  __rtentry2.o(.ARM.Collect$$rtentry$$00000002)
    .ARM.Collect$$rtentry$$00000004          0x0000012c   Section        6  __rtentry4.o(.ARM.Collect$$rtentry$$00000004)
    .ARM.Collect$$rtentry$$00000009          0x00000132   Section        0  __rtentry2.o(.ARM.Collect$$rtentry$$00000009)
    .ARM.Collect$$rtentry$$0000000A          0x00000132   Section        4  __rtentry2.o(.ARM.Collect$$rtentry$$0000000A)
    .ARM.Collect$$rtentry$$0000000C          0x00000136   Section        0  __rtentry2.o(.ARM.Collect$$rtentry$$0000000C)
    .ARM.Collect$$rtentry$$0000000D          0x00000136   Section        8  __rtentry2.o(.ARM.Collect$$rtentry$$0000000D)
    .ARM.Collect$$rtexit$$00000000           0x0000013e   Section        2  rtexit.o(.ARM.Collect$$rtexit$$00000000)
    .ARM.Collect$$rtexit$$00000002           0x00000140   Section        0  rtexit2.o(.ARM.Collect$$rtexit$$00000002)
    .ARM.Collect$$rtexit$$00000003           0x00000140   Section        4  rtexit2.o(.ARM.Collect$$rtexit$$00000003)
    .ARM.Collect$$rtexit$$00000004           0x00000144   Section        6  rtexit2.o(.ARM.Collect$$rtexit$$00000004)
    .emb_text                                0x0000014c   Section       14  c_functions.o(.emb_text)
    .text                                    0x0000015c   Section       88  startup_lpc17xx.o(.text)
    .text                                    0x000001b4   Section        0  heapauxi.o(.text)
    .text                                    0x000001ba   Section        0  _rserrno.o(.text)
    .text                                    0x000001d0   Section        8  rt_errno_addr_intlibspace.o(.text)
    .text                                    0x000001d8   Section        8  libspace.o(.text)
    .text                                    0x000001e0   Section       74  sys_stackheap_outer.o(.text)
    .text                                    0x0000022a   Section        0  exit.o(.text)
    .text                                    0x0000023c   Section        0  sys_exit.o(.text)
    .text                                    0x00000248   Section        2  use_no_semi.o(.text)
    .text                                    0x0000024a   Section        0  indicate_semi.o(.text)
    i.inlineAssembly                         0x0000024a   Section        0  c_functions.o(i.inlineAssembly)
    i.intSquareRoot                          0x00000258   Section        0  c_functions.o(i.intSquareRoot)
    i.main                                   0x0000027c   Section        0  c_functions.o(i.main)
    i.solution1_grade4                       0x000002e0   Section        0  c_functions.o(i.solution1_grade4)
    x$fpl$dretinf                            0x000002ee   Section       12  dretinf.o(x$fpl$dretinf)
    x$fpl$usenofp                            0x000002fa   Section        0  usenofp.o(x$fpl$usenofp)
    .ARM.__at_0x02FC                         0x000002fc   Section        4  startup_lpc17xx.o(.ARM.__at_0x02FC)
    i.floor                                  0x00000300   Section        0  floor.o(i.floor)
    i.sqrt                                   0x000003dc   Section        0  sqrt.o(i.sqrt)
    myAsmFunctions                           0x00000428   Section       92  asm_functions.o(myAsmFunctions)
    x$fpl$dadd                               0x00000484   Section      336  daddsub_clz.o(x$fpl$dadd)
    _dadd1                                   0x00000495   Thumb Code     0  daddsub_clz.o(x$fpl$dadd)
    x$fpl$dcmpinf                            0x000005d4   Section       24  dcmpi.o(x$fpl$dcmpinf)
    x$fpl$dfix                               0x000005ec   Section       94  dfix.o(x$fpl$dfix)
    x$fpl$dflt                               0x0000064a   Section       46  dflt_clz.o(x$fpl$dflt)
    x$fpl$dleqf                              0x00000678   Section      120  dleqf.o(x$fpl$dleqf)
    x$fpl$dnaninf                            0x000006f0   Section      156  dnaninf.o(x$fpl$dnaninf)
    x$fpl$drleqf                             0x0000078c   Section      108  drleqf.o(x$fpl$drleqf)
    x$fpl$drsb                               0x000007f8   Section       22  daddsub_clz.o(x$fpl$drsb)
    x$fpl$dsqrt                              0x00000810   Section      460  dsqrt_noumaal.o(x$fpl$dsqrt)
    x$fpl$dsub                               0x000009dc   Section      468  daddsub_clz.o(x$fpl$dsub)
    _dsub1                                   0x000009ed   Thumb Code     0  daddsub_clz.o(x$fpl$dsub)
    .bss                                     0x10000000   Section       96  libspace.o(.bss)
    HEAP                                     0x10000060   Section        0  startup_lpc17xx.o(HEAP)
    STACK                                    0x10000060   Section      512  startup_lpc17xx.o(STACK)
    Heap_Mem                                 0x10000060   Data           0  startup_lpc17xx.o(HEAP)
    Stack_Mem                                0x10000060   Data         512  startup_lpc17xx.o(STACK)
    __initial_sp                             0x10000260   Data           0  startup_lpc17xx.o(STACK)

    Global Symbols

    Symbol Name                              Value     Ov Type        Size  Object(Section)

    BuildAttributes$$THM_ISAv4$P$D$K$B$S$PE$A:L22UL41UL21$X:L11$S22US41US21$IEEE1$IW$USESV6$~STKCKD$USESV7$~SHL$OTIME$ROPI$IEEEJ$EBA8$UX$STANDARDLIB$REQ8$PRES8$EABIv2 0x00000000   Number         0  anon$$obj.o ABSOLUTE
    __ARM_use_no_argv                        0x00000000   Number         0  c_functions.o ABSOLUTE
    __Vectors                                0x00000000   Data           4  startup_lpc17xx.o(RESET)
    __ARM_exceptions_init                     - Undefined Weak Reference
    __alloca_initialize                       - Undefined Weak Reference
    __arm_preinit_                            - Undefined Weak Reference
    __cpp_initialize__aeabi_                  - Undefined Weak Reference
    __cxa_finalize                            - Undefined Weak Reference
    __rt_locale                               - Undefined Weak Reference
    __sigvec_lookup                           - Undefined Weak Reference
    _atexit_init                              - Undefined Weak Reference
    _call_atexit_fns                          - Undefined Weak Reference
    _clock_init                               - Undefined Weak Reference
    _fp_trap_init                             - Undefined Weak Reference
    _fp_trap_shutdown                         - Undefined Weak Reference
    _get_lc_collate                           - Undefined Weak Reference
    _get_lc_ctype                             - Undefined Weak Reference
    _get_lc_monetary                          - Undefined Weak Reference
    _get_lc_numeric                           - Undefined Weak Reference
    _get_lc_time                              - Undefined Weak Reference
    _getenv_init                              - Undefined Weak Reference
    _handle_redirection                       - Undefined Weak Reference
    _init_alloc                               - Undefined Weak Reference
    _init_user_alloc                          - Undefined Weak Reference
    _initio                                   - Undefined Weak Reference
    _rand_init                                - Undefined Weak Reference
    _signal_finish                            - Undefined Weak Reference
    _signal_init                              - Undefined Weak Reference
    _terminate_alloc                          - Undefined Weak Reference
    _terminate_user_alloc                     - Undefined Weak Reference
    _terminateio                              - Undefined Weak Reference
    __main                                   0x000000cd   Thumb Code     8  __main.o(!!!main)
    __scatterload                            0x000000d5   Thumb Code     0  __scatter.o(!!!scatter)
    __scatterload_rt2                        0x000000d5   Thumb Code    44  __scatter.o(!!!scatter)
    __scatterload_rt2_thumb_only             0x000000d5   Thumb Code     0  __scatter.o(!!!scatter)
    __scatterload_null                       0x000000e3   Thumb Code     0  __scatter.o(!!!scatter)
    __scatterload_zeroinit                   0x00000109   Thumb Code    28  __scatter_zi.o(!!handler_zi)
    __rt_lib_init                            0x00000125   Thumb Code     0  libinit.o(.ARM.Collect$$libinit$$00000000)
    __rt_lib_init_alloca_1                   0x00000127   Thumb Code     0  libinit2.o(.ARM.Collect$$libinit$$0000002E)
    __rt_lib_init_argv_1                     0x00000127   Thumb Code     0  libinit2.o(.ARM.Collect$$libinit$$0000002C)
    __rt_lib_init_atexit_1                   0x00000127   Thumb Code     0  libinit2.o(.ARM.Collect$$libinit$$0000001B)
    __rt_lib_init_clock_1                    0x00000127   Thumb Code     0  libinit2.o(.ARM.Collect$$libinit$$00000021)
    __rt_lib_init_cpp_1                      0x00000127   Thumb Code     0  libinit2.o(.ARM.Collect$$libinit$$00000032)
    __rt_lib_init_exceptions_1               0x00000127   Thumb Code     0  libinit2.o(.ARM.Collect$$libinit$$00000030)
    __rt_lib_init_fp_1                       0x00000127   Thumb Code     0  libinit2.o(.ARM.Collect$$libinit$$00000002)
    __rt_lib_init_fp_trap_1                  0x00000127   Thumb Code     0  libinit2.o(.ARM.Collect$$libinit$$0000001F)
    __rt_lib_init_getenv_1                   0x00000127   Thumb Code     0  libinit2.o(.ARM.Collect$$libinit$$00000023)
    __rt_lib_init_heap_1                     0x00000127   Thumb Code     0  libinit2.o(.ARM.Collect$$libinit$$0000000A)
    __rt_lib_init_lc_collate_1               0x00000127   Thumb Code     0  libinit2.o(.ARM.Collect$$libinit$$00000011)
    __rt_lib_init_lc_ctype_1                 0x00000127   Thumb Code     0  libinit2.o(.ARM.Collect$$libinit$$00000013)
    __rt_lib_init_lc_monetary_1              0x00000127   Thumb Code     0  libinit2.o(.ARM.Collect$$libinit$$00000015)
    __rt_lib_init_lc_numeric_1               0x00000127   Thumb Code     0  libinit2.o(.ARM.Collect$$libinit$$00000017)
    __rt_lib_init_lc_time_1                  0x00000127   Thumb Code     0  libinit2.o(.ARM.Collect$$libinit$$00000019)
    __rt_lib_init_preinit_1                  0x00000127   Thumb Code     0  libinit2.o(.ARM.Collect$$libinit$$00000004)
    __rt_lib_init_rand_1                     0x00000127   Thumb Code     0  libinit2.o(.ARM.Collect$$libinit$$0000000E)
    __rt_lib_init_return                     0x00000127   Thumb Code     0  libinit2.o(.ARM.Collect$$libinit$$00000033)
    __rt_lib_init_signal_1                   0x00000127   Thumb Code     0  libinit2.o(.ARM.Collect$$libinit$$0000001D)
    __rt_lib_init_stdio_1                    0x00000127   Thumb Code     0  libinit2.o(.ARM.Collect$$libinit$$00000025)
    __rt_lib_init_user_alloc_1               0x00000127   Thumb Code     0  libinit2.o(.ARM.Collect$$libinit$$0000000C)
    __rt_lib_shutdown                        0x00000129   Thumb Code     0  libshutdown.o(.ARM.Collect$$libshutdown$$00000000)
    __rt_lib_shutdown_cpp_1                  0x0000012b   Thumb Code     0  libshutdown2.o(.ARM.Collect$$libshutdown$$00000002)
    __rt_lib_shutdown_fp_trap_1              0x0000012b   Thumb Code     0  libshutdown2.o(.ARM.Collect$$libshutdown$$00000007)
    __rt_lib_shutdown_heap_1                 0x0000012b   Thumb Code     0  libshutdown2.o(.ARM.Collect$$libshutdown$$0000000F)
    __rt_lib_shutdown_return                 0x0000012b   Thumb Code     0  libshutdown2.o(.ARM.Collect$$libshutdown$$00000010)
    __rt_lib_shutdown_signal_1               0x0000012b   Thumb Code     0  libshutdown2.o(.ARM.Collect$$libshutdown$$0000000A)
    __rt_lib_shutdown_stdio_1                0x0000012b   Thumb Code     0  libshutdown2.o(.ARM.Collect$$libshutdown$$00000004)
    __rt_lib_shutdown_user_alloc_1           0x0000012b   Thumb Code     0  libshutdown2.o(.ARM.Collect$$libshutdown$$0000000C)
    __rt_entry                               0x0000012d   Thumb Code     0  __rtentry.o(.ARM.Collect$$rtentry$$00000000)
    __rt_entry_presh_1                       0x0000012d   Thumb Code     0  __rtentry2.o(.ARM.Collect$$rtentry$$00000002)
    __rt_entry_sh                            0x0000012d   Thumb Code     0  __rtentry4.o(.ARM.Collect$$rtentry$$00000004)
    __rt_entry_li                            0x00000133   Thumb Code     0  __rtentry2.o(.ARM.Collect$$rtentry$$0000000A)
    __rt_entry_postsh_1                      0x00000133   Thumb Code     0  __rtentry2.o(.ARM.Collect$$rtentry$$00000009)
    __rt_entry_main                          0x00000137   Thumb Code     0  __rtentry2.o(.ARM.Collect$$rtentry$$0000000D)
    __rt_entry_postli_1                      0x00000137   Thumb Code     0  __rtentry2.o(.ARM.Collect$$rtentry$$0000000C)
    __rt_exit                                0x0000013f   Thumb Code     0  rtexit.o(.ARM.Collect$$rtexit$$00000000)
    __rt_exit_ls                             0x00000141   Thumb Code     0  rtexit2.o(.ARM.Collect$$rtexit$$00000003)
    __rt_exit_prels_1                        0x00000141   Thumb Code     0  rtexit2.o(.ARM.Collect$$rtexit$$00000002)
    __rt_exit_exit                           0x00000145   Thumb Code     0  rtexit2.o(.ARM.Collect$$rtexit$$00000004)
    embeddedAssembly                         0x0000014d   Thumb Code    14  c_functions.o(.emb_text)
    Reset_Handler                            0x0000015d   Thumb Code    40  startup_lpc17xx.o(.text)
    NMI_Handler                              0x00000185   Thumb Code     2  startup_lpc17xx.o(.text)
    HardFault_Handler                        0x00000187   Thumb Code     2  startup_lpc17xx.o(.text)
    MemManage_Handler                        0x00000189   Thumb Code     2  startup_lpc17xx.o(.text)
    BusFault_Handler                         0x0000018b   Thumb Code     2  startup_lpc17xx.o(.text)
    UsageFault_Handler                       0x0000018d   Thumb Code     2  startup_lpc17xx.o(.text)
    SVC_Handler                              0x0000018f   Thumb Code     2  startup_lpc17xx.o(.text)
    DebugMon_Handler                         0x00000191   Thumb Code     2  startup_lpc17xx.o(.text)
    PendSV_Handler                           0x00000193   Thumb Code     2  startup_lpc17xx.o(.text)
    SysTick_Handler                          0x00000195   Thumb Code     2  startup_lpc17xx.o(.text)
    ADC_IRQHandler                           0x00000197   Thumb Code     0  startup_lpc17xx.o(.text)
    BOD_IRQHandler                           0x00000197   Thumb Code     0  startup_lpc17xx.o(.text)
    CANActivity_IRQHandler                   0x00000197   Thumb Code     0  startup_lpc17xx.o(.text)
    CAN_IRQHandler                           0x00000197   Thumb Code     0  startup_lpc17xx.o(.text)
    DMA_IRQHandler                           0x00000197   Thumb Code     0  startup_lpc17xx.o(.text)
    EINT0_IRQHandler                         0x00000197   Thumb Code     0  startup_lpc17xx.o(.text)
    EINT1_IRQHandler                         0x00000197   Thumb Code     0  startup_lpc17xx.o(.text)
    EINT2_IRQHandler                         0x00000197   Thumb Code     0  startup_lpc17xx.o(.text)
    EINT3_IRQHandler                         0x00000197   Thumb Code     0  startup_lpc17xx.o(.text)
    ENET_IRQHandler                          0x00000197   Thumb Code     0  startup_lpc17xx.o(.text)
    I2C0_IRQHandler                          0x00000197   Thumb Code     0  startup_lpc17xx.o(.text)
    I2C1_IRQHandler                          0x00000197   Thumb Code     0  startup_lpc17xx.o(.text)
    I2C2_IRQHandler                          0x00000197   Thumb Code     0  startup_lpc17xx.o(.text)
    I2S_IRQHandler                           0x00000197   Thumb Code     0  startup_lpc17xx.o(.text)
    MCPWM_IRQHandler                         0x00000197   Thumb Code     0  startup_lpc17xx.o(.text)
    PLL0_IRQHandler                          0x00000197   Thumb Code     0  startup_lpc17xx.o(.text)
    PLL1_IRQHandler                          0x00000197   Thumb Code     0  startup_lpc17xx.o(.text)
    PWM1_IRQHandler                          0x00000197   Thumb Code     0  startup_lpc17xx.o(.text)
    QEI_IRQHandler                           0x00000197   Thumb Code     0  startup_lpc17xx.o(.text)
    RIT_IRQHandler                           0x00000197   Thumb Code     0  startup_lpc17xx.o(.text)
    RTC_IRQHandler                           0x00000197   Thumb Code     0  startup_lpc17xx.o(.text)
    SPI_IRQHandler                           0x00000197   Thumb Code     0  startup_lpc17xx.o(.text)
    SSP0_IRQHandler                          0x00000197   Thumb Code     0  startup_lpc17xx.o(.text)
    SSP1_IRQHandler                          0x00000197   Thumb Code     0  startup_lpc17xx.o(.text)
    TIMER0_IRQHandler                        0x00000197   Thumb Code     0  startup_lpc17xx.o(.text)
    TIMER1_IRQHandler                        0x00000197   Thumb Code     0  startup_lpc17xx.o(.text)
    TIMER2_IRQHandler                        0x00000197   Thumb Code     0  startup_lpc17xx.o(.text)
    TIMER3_IRQHandler                        0x00000197   Thumb Code     0  startup_lpc17xx.o(.text)
    UART0_IRQHandler                         0x00000197   Thumb Code     0  startup_lpc17xx.o(.text)
    UART1_IRQHandler                         0x00000197   Thumb Code     0  startup_lpc17xx.o(.text)
    UART2_IRQHandler                         0x00000197   Thumb Code     0  startup_lpc17xx.o(.text)
    UART3_IRQHandler                         0x00000197   Thumb Code     0  startup_lpc17xx.o(.text)
    USBActivity_IRQHandler                   0x00000197   Thumb Code     0  startup_lpc17xx.o(.text)
    USB_IRQHandler                           0x00000197   Thumb Code     0  startup_lpc17xx.o(.text)
    WDT_IRQHandler                           0x00000197   Thumb Code     0  startup_lpc17xx.o(.text)
    __user_initial_stackheap                 0x00000199   Thumb Code     0  startup_lpc17xx.o(.text)
    __use_two_region_memory                  0x000001b5   Thumb Code     2  heapauxi.o(.text)
    __rt_heap_escrow$2region                 0x000001b7   Thumb Code     2  heapauxi.o(.text)
    __rt_heap_expand$2region                 0x000001b9   Thumb Code     2  heapauxi.o(.text)
    __read_errno                             0x000001bb   Thumb Code    10  _rserrno.o(.text)
    __set_errno                              0x000001c5   Thumb Code    12  _rserrno.o(.text)
    __aeabi_errno_addr                       0x000001d1   Thumb Code     8  rt_errno_addr_intlibspace.o(.text)
    __errno$intlibspace                      0x000001d1   Thumb Code     0  rt_errno_addr_intlibspace.o(.text)
    __rt_errno_addr$intlibspace              0x000001d1   Thumb Code     0  rt_errno_addr_intlibspace.o(.text)
    __user_libspace                          0x000001d9   Thumb Code     8  libspace.o(.text)
    __user_perproc_libspace                  0x000001d9   Thumb Code     0  libspace.o(.text)
    __user_perthread_libspace                0x000001d9   Thumb Code     0  libspace.o(.text)
    __user_setup_stackheap                   0x000001e1   Thumb Code    74  sys_stackheap_outer.o(.text)
    exit                                     0x0000022b   Thumb Code    18  exit.o(.text)
    _sys_exit                                0x0000023d   Thumb Code     8  sys_exit.o(.text)
    __I$use$semihosting                      0x00000249   Thumb Code     0  use_no_semi.o(.text)
    __use_no_semihosting_swi                 0x00000249   Thumb Code     2  use_no_semi.o(.text)
    __semihosting_library_function           0x0000024b   Thumb Code     0  indicate_semi.o(.text)
    inlineAssembly                           0x0000024b   Thumb Code    12  c_functions.o(i.inlineAssembly)
    intSquareRoot                            0x00000259   Thumb Code    30  c_functions.o(i.intSquareRoot)
    main                                     0x0000027d   Thumb Code    62  c_functions.o(i.main)
    solution1_grade4                         0x000002e1   Thumb Code    14  c_functions.o(i.solution1_grade4)
    __fpl_dretinf                            0x000002ef   Thumb Code    12  dretinf.o(x$fpl$dretinf)
    __I$use$fp                               0x000002fa   Number         0  usenofp.o(x$fpl$usenofp)
    floor                                    0x00000301   Thumb Code   204  floor.o(i.floor)
    sqrt                                     0x000003dd   Thumb Code    76  sqrt.o(i.sqrt)
    concatenateString                        0x00000429   Thumb Code    92  asm_functions.o(myAsmFunctions)
    __aeabi_dadd                             0x00000485   Thumb Code     0  daddsub_clz.o(x$fpl$dadd)
    _dadd                                    0x00000485   Thumb Code   332  daddsub_clz.o(x$fpl$dadd)
    __fpl_dcmp_Inf                           0x000005d5   Thumb Code    24  dcmpi.o(x$fpl$dcmpinf)
    __aeabi_d2iz                             0x000005ed   Thumb Code     0  dfix.o(x$fpl$dfix)
    _dfix                                    0x000005ed   Thumb Code    94  dfix.o(x$fpl$dfix)
    __aeabi_i2d                              0x0000064b   Thumb Code     0  dflt_clz.o(x$fpl$dflt)
    _dflt                                    0x0000064b   Thumb Code    46  dflt_clz.o(x$fpl$dflt)
    __aeabi_cdcmple                          0x00000679   Thumb Code     0  dleqf.o(x$fpl$dleqf)
    _dcmple                                  0x00000679   Thumb Code   120  dleqf.o(x$fpl$dleqf)
    __fpl_dcmple_InfNaN                      0x000006db   Thumb Code     0  dleqf.o(x$fpl$dleqf)
    __fpl_dnaninf                            0x000006f1   Thumb Code   156  dnaninf.o(x$fpl$dnaninf)
    __aeabi_cdrcmple                         0x0000078d   Thumb Code     0  drleqf.o(x$fpl$drleqf)
    _drcmple                                 0x0000078d   Thumb Code   108  drleqf.o(x$fpl$drleqf)
    __aeabi_drsub                            0x000007f9   Thumb Code     0  daddsub_clz.o(x$fpl$drsb)
    _drsb                                    0x000007f9   Thumb Code    22  daddsub_clz.o(x$fpl$drsb)
    _dsqrt                                   0x00000811   Thumb Code   456  dsqrt_noumaal.o(x$fpl$dsqrt)
    __aeabi_dsub                             0x000009dd   Thumb Code     0  daddsub_clz.o(x$fpl$dsub)
    _dsub                                    0x000009dd   Thumb Code   464  daddsub_clz.o(x$fpl$dsub)
    Region$$Table$$Base                      0x00000bb0   Number         0  anon$$obj.o(Region$$Table)
    Region$$Table$$Limit                     0x00000bc0   Number         0  anon$$obj.o(Region$$Table)
    __libspace_start                         0x10000000   Data          96  libspace.o(.bss)
    __temporary_stack_top$libspace           0x10000060   Data           0  libspace.o(.bss)



==============================================================================

Memory Map of the image

  Image Entry point : 0x0000015d

  Load Region LR_1 (Base: 0x00000000, Size: 0x00000bc0, Max: 0xffffffff, ABSOLUTE)

    Execution Region ER_RO (Exec base: 0x00000000, Load base: 0x00000000, Size: 0x00000bc0, Max: 0xffffffff, ABSOLUTE)

    Exec Addr    Load Addr    Size         Type   Attr      Idx    E Section Name        Object

    0x00000000   0x00000000   0x000000cc   Data   RO           48    RESET               startup_lpc17xx.o
    0x000000cc   0x000000cc   0x00000008   Code   RO          120  * !!!main             c_w.l(__main.o)
    0x000000d4   0x000000d4   0x00000034   Code   RO          335    !!!scatter          c_w.l(__scatter.o)
    0x00000108   0x00000108   0x0000001c   Code   RO          337    !!handler_zi        c_w.l(__scatter_zi.o)
    0x00000124   0x00000124   0x00000002   Code   RO          208    .ARM.Collect$$libinit$$00000000  c_w.l(libinit.o)
    0x00000126   0x00000126   0x00000000   Code   RO          218    .ARM.Collect$$libinit$$00000002  c_w.l(libinit2.o)
    0x00000126   0x00000126   0x00000000   Code   RO          220    .ARM.Collect$$libinit$$00000004  c_w.l(libinit2.o)
    0x00000126   0x00000126   0x00000000   Code   RO          223    .ARM.Collect$$libinit$$0000000A  c_w.l(libinit2.o)
    0x00000126   0x00000126   0x00000000   Code   RO          225    .ARM.Collect$$libinit$$0000000C  c_w.l(libinit2.o)
    0x00000126   0x00000126   0x00000000   Code   RO          227    .ARM.Collect$$libinit$$0000000E  c_w.l(libinit2.o)
    0x00000126   0x00000126   0x00000000   Code   RO          230    .ARM.Collect$$libinit$$00000011  c_w.l(libinit2.o)
    0x00000126   0x00000126   0x00000000   Code   RO          232    .ARM.Collect$$libinit$$00000013  c_w.l(libinit2.o)
    0x00000126   0x00000126   0x00000000   Code   RO          234    .ARM.Collect$$libinit$$00000015  c_w.l(libinit2.o)
    0x00000126   0x00000126   0x00000000   Code   RO          236    .ARM.Collect$$libinit$$00000017  c_w.l(libinit2.o)
    0x00000126   0x00000126   0x00000000   Code   RO          238    .ARM.Collect$$libinit$$00000019  c_w.l(libinit2.o)
    0x00000126   0x00000126   0x00000000   Code   RO          240    .ARM.Collect$$libinit$$0000001B  c_w.l(libinit2.o)
    0x00000126   0x00000126   0x00000000   Code   RO          242    .ARM.Collect$$libinit$$0000001D  c_w.l(libinit2.o)
    0x00000126   0x00000126   0x00000000   Code   RO          244    .ARM.Collect$$libinit$$0000001F  c_w.l(libinit2.o)
    0x00000126   0x00000126   0x00000000   Code   RO          246    .ARM.Collect$$libinit$$00000021  c_w.l(libinit2.o)
    0x00000126   0x00000126   0x00000000   Code   RO          248    .ARM.Collect$$libinit$$00000023  c_w.l(libinit2.o)
    0x00000126   0x00000126   0x00000000   Code   RO          250    .ARM.Collect$$libinit$$00000025  c_w.l(libinit2.o)
    0x00000126   0x00000126   0x00000000   Code   RO          254    .ARM.Collect$$libinit$$0000002C  c_w.l(libinit2.o)
    0x00000126   0x00000126   0x00000000   Code   RO          256    .ARM.Collect$$libinit$$0000002E  c_w.l(libinit2.o)
    0x00000126   0x00000126   0x00000000   Code   RO          258    .ARM.Collect$$libinit$$00000030  c_w.l(libinit2.o)
    0x00000126   0x00000126   0x00000000   Code   RO          260    .ARM.Collect$$libinit$$00000032  c_w.l(libinit2.o)
    0x00000126   0x00000126   0x00000002   Code   RO          261    .ARM.Collect$$libinit$$00000033  c_w.l(libinit2.o)
    0x00000128   0x00000128   0x00000002   Code   RO          292    .ARM.Collect$$libshutdown$$00000000  c_w.l(libshutdown.o)
    0x0000012a   0x0000012a   0x00000000   Code   RO          318    .ARM.Collect$$libshutdown$$00000002  c_w.l(libshutdown2.o)
    0x0000012a   0x0000012a   0x00000000   Code   RO          320    .ARM.Collect$$libshutdown$$00000004  c_w.l(libshutdown2.o)
    0x0000012a   0x0000012a   0x00000000   Code   RO          323    .ARM.Collect$$libshutdown$$00000007  c_w.l(libshutdown2.o)
    0x0000012a   0x0000012a   0x00000000   Code   RO          326    .ARM.Collect$$libshutdown$$0000000A  c_w.l(libshutdown2.o)
    0x0000012a   0x0000012a   0x00000000   Code   RO          328    .ARM.Collect$$libshutdown$$0000000C  c_w.l(libshutdown2.o)
    0x0000012a   0x0000012a   0x00000000   Code   RO          331    .ARM.Collect$$libshutdown$$0000000F  c_w.l(libshutdown2.o)
    0x0000012a   0x0000012a   0x00000002   Code   RO          332    .ARM.Collect$$libshutdown$$00000010  c_w.l(libshutdown2.o)
    0x0000012c   0x0000012c   0x00000000   Code   RO          150    .ARM.Collect$$rtentry$$00000000  c_w.l(__rtentry.o)
    0x0000012c   0x0000012c   0x00000000   Code   RO          169    .ARM.Collect$$rtentry$$00000002  c_w.l(__rtentry2.o)
    0x0000012c   0x0000012c   0x00000006   Code   RO          181    .ARM.Collect$$rtentry$$00000004  c_w.l(__rtentry4.o)
    0x00000132   0x00000132   0x00000000   Code   RO          171    .ARM.Collect$$rtentry$$00000009  c_w.l(__rtentry2.o)
    0x00000132   0x00000132   0x00000004   Code   RO          172    .ARM.Collect$$rtentry$$0000000A  c_w.l(__rtentry2.o)
    0x00000136   0x00000136   0x00000000   Code   RO          174    .ARM.Collect$$rtentry$$0000000C  c_w.l(__rtentry2.o)
    0x00000136   0x00000136   0x00000008   Code   RO          175    .ARM.Collect$$rtentry$$0000000D  c_w.l(__rtentry2.o)
    0x0000013e   0x0000013e   0x00000002   Code   RO          209    .ARM.Collect$$rtexit$$00000000  c_w.l(rtexit.o)
    0x00000140   0x00000140   0x00000000   Code   RO          265    .ARM.Collect$$rtexit$$00000002  c_w.l(rtexit2.o)
    0x00000140   0x00000140   0x00000004   Code   RO          266    .ARM.Collect$$rtexit$$00000003  c_w.l(rtexit2.o)
    0x00000144   0x00000144   0x00000006   Code   RO          267    .ARM.Collect$$rtexit$$00000004  c_w.l(rtexit2.o)
    0x0000014a   0x0000014a   0x00000002   PAD
    0x0000014c   0x0000014c   0x0000000e   Code   RO            1    .emb_text           c_functions.o
    0x0000015a   0x0000015a   0x00000002   PAD
    0x0000015c   0x0000015c   0x00000058   Code   RO           50  * .text               startup_lpc17xx.o
    0x000001b4   0x000001b4   0x00000006   Code   RO          118    .text               c_w.l(heapauxi.o)
    0x000001ba   0x000001ba   0x00000016   Code   RO          155    .text               c_w.l(_rserrno.o)
    0x000001d0   0x000001d0   0x00000008   Code   RO          188    .text               c_w.l(rt_errno_addr_intlibspace.o)
    0x000001d8   0x000001d8   0x00000008   Code   RO          192    .text               c_w.l(libspace.o)
    0x000001e0   0x000001e0   0x0000004a   Code   RO          195    .text               c_w.l(sys_stackheap_outer.o)
    0x0000022a   0x0000022a   0x00000012   Code   RO          197    .text               c_w.l(exit.o)
    0x0000023c   0x0000023c   0x0000000c   Code   RO          262    .text               c_w.l(sys_exit.o)
    0x00000248   0x00000248   0x00000002   Code   RO          281    .text               c_w.l(use_no_semi.o)
    0x0000024a   0x0000024a   0x00000000   Code   RO          283    .text               c_w.l(indicate_semi.o)
    0x0000024a   0x0000024a   0x0000000c   Code   RO            2    i.inlineAssembly    c_functions.o
    0x00000256   0x00000256   0x00000002   PAD
    0x00000258   0x00000258   0x00000024   Code   RO            3    i.intSquareRoot     c_functions.o
    0x0000027c   0x0000027c   0x00000064   Code   RO            4    i.main              c_functions.o
    0x000002e0   0x000002e0   0x0000000e   Code   RO            5    i.solution1_grade4  c_functions.o
    0x000002ee   0x000002ee   0x0000000c   Code   RO          161    x$fpl$dretinf       fz_ws.l(dretinf.o)
    0x000002fa   0x000002fa   0x00000000   Code   RO          167    x$fpl$usenofp       fz_ws.l(usenofp.o)
    0x000002fa   0x000002fa   0x00000002   PAD
    0x000002fc   0x000002fc   0x00000004   Code   RO           49    .ARM.__at_0x02FC    startup_lpc17xx.o
    0x00000300   0x00000300   0x000000dc   Code   RO          139    i.floor             m_ws.l(floor.o)
    0x000003dc   0x000003dc   0x0000004c   Code   RO          143    i.sqrt              m_ws.l(sqrt.o)
    0x00000428   0x00000428   0x0000005c   Code   RO           42    myAsmFunctions      asm_functions.o
    0x00000484   0x00000484   0x00000150   Code   RO          122    x$fpl$dadd          fz_ws.l(daddsub_clz.o)
    0x000005d4   0x000005d4   0x00000018   Code   RO          190    x$fpl$dcmpinf       fz_ws.l(dcmpi.o)
    0x000005ec   0x000005ec   0x0000005e   Code   RO          128    x$fpl$dfix          fz_ws.l(dfix.o)
    0x0000064a   0x0000064a   0x0000002e   Code   RO          133    x$fpl$dflt          fz_ws.l(dflt_clz.o)
    0x00000678   0x00000678   0x00000078   Code   RO          157    x$fpl$dleqf         fz_ws.l(dleqf.o)
    0x000006f0   0x000006f0   0x0000009c   Code   RO          159    x$fpl$dnaninf       fz_ws.l(dnaninf.o)
    0x0000078c   0x0000078c   0x0000006c   Code   RO          163    x$fpl$drleqf        fz_ws.l(drleqf.o)
    0x000007f8   0x000007f8   0x00000016   Code   RO          123    x$fpl$drsb          fz_ws.l(daddsub_clz.o)
    0x0000080e   0x0000080e   0x00000002   PAD
    0x00000810   0x00000810   0x000001cc   Code   RO          165    x$fpl$dsqrt         fz_ws.l(dsqrt_noumaal.o)
    0x000009dc   0x000009dc   0x000001d4   Code   RO          124    x$fpl$dsub          fz_ws.l(daddsub_clz.o)
    0x00000bb0   0x00000bb0   0x00000010   Data   RO          333    Region$$Table       anon$$obj.o


    Execution Region ER_RW (Exec base: 0x10000000, Load base: 0x00000bc0, Size: 0x00000000, Max: 0xffffffff, ABSOLUTE)

    **** No section assigned to this execution region ****


    Execution Region ER_ZI (Exec base: 0x10000000, Load base: 0x00000bc0, Size: 0x00000260, Max: 0xffffffff, ABSOLUTE)

    Exec Addr    Load Addr    Size         Type   Attr      Idx    E Section Name        Object

    0x10000000        -       0x00000060   Zero   RW          193    .bss                c_w.l(libspace.o)
    0x10000060        -       0x00000000   Zero   RW           47    HEAP                startup_lpc17xx.o
    0x10000060        -       0x00000200   Zero   RW           46    STACK               startup_lpc17xx.o


==============================================================================

Image component sizes


      Code (inc. data)   RO Data    RW Data    ZI Data      Debug   Object Name

        92          0          0          0          0        372   asm_functions.o
       176         44          0          0          0       4379   c_functions.o
        92         22        204          0        512       1112   startup_lpc17xx.o

    ----------------------------------------------------------------------
       364         66        220          0        512       5863   Object Totals
         0          0         16          0          0          0   (incl. Generated)
         4          0          0          0          0          0   (incl. Padding)

    ----------------------------------------------------------------------

      Code (inc. data)   RO Data    RW Data    ZI Data      Debug   Library Member Name

         8          0          0          0          0         68   __main.o
         0          0          0          0          0          0   __rtentry.o
        12          0          0          0          0          0   __rtentry2.o
         6          0          0          0          0          0   __rtentry4.o
        52          8          0          0          0          0   __scatter.o
        28          0          0          0          0          0   __scatter_zi.o
        22          0          0          0          0        100   _rserrno.o
        18          0          0          0          0         80   exit.o
         6          0          0          0          0        152   heapauxi.o
         0          0          0          0          0          0   indicate_semi.o
         2          0          0          0          0          0   libinit.o
         2          0          0          0          0          0   libinit2.o
         2          0          0          0          0          0   libshutdown.o
         2          0          0          0          0          0   libshutdown2.o
         8          4          0          0         96         68   libspace.o
         8          4          0          0          0         68   rt_errno_addr_intlibspace.o
         2          0          0          0          0          0   rtexit.o
        10          0          0          0          0          0   rtexit2.o
        12          4          0          0          0         68   sys_exit.o
        74          0          0          0          0         80   sys_stackheap_outer.o
         2          0          0          0          0         68   use_no_semi.o
       826         16          0          0          0        348   daddsub_clz.o
        24          0          0          0          0         68   dcmpi.o
        94          4          0          0          0         92   dfix.o
        46          0          0          0          0         68   dflt_clz.o
       120          4          0          0          0         92   dleqf.o
       156          4          0          0          0         92   dnaninf.o
        12          0          0          0          0         68   dretinf.o
       108          0          0          0          0         80   drleqf.o
       460         56          0          0          0        120   dsqrt_noumaal.o
         0          0          0          0          0          0   usenofp.o
       220         16          0          0          0         84   floor.o
        76          0          0          0          0         84   sqrt.o

    ----------------------------------------------------------------------
      2424        120          0          0         96       1948   Library Totals
         6          0          0          0          0          0   (incl. Padding)

    ----------------------------------------------------------------------

      Code (inc. data)   RO Data    RW Data    ZI Data      Debug   Library Name

       276         20          0          0         96        752   c_w.l
      1846         84          0          0          0       1028   fz_ws.l
       296         16          0          0          0        168   m_ws.l

    ----------------------------------------------------------------------
      2424        120          0          0         96       1948   Library Totals

    ----------------------------------------------------------------------

==============================================================================


      Code (inc. data)   RO Data    RW Data    ZI Data      Debug   

      2788        186        220          0        608       6595   Grand Totals
      2788        186        220          0        608       6595   ELF Image Totals
      2788        186        220          0          0          0   ROM Totals

==============================================================================

    Total RO  Size (Code + RO Data)                 3008 (   2.94kB)
    Total RW  Size (RW Data + ZI Data)               608 (   0.59kB)
    Total ROM Size (Code + RO Data + RW Data)       3008 (   2.94kB)

==============================================================================

