Component: ARM Compiler 5.06 update 6 (build 750) Tool: armlink [4d35ed]

==============================================================================

Section Cross References

    main.o(i.sumSuareRoot) refers to dflt_clz.o(x$fpl$dflt) for __aeabi_i2d
    main.o(i.sumSuareRoot) refers to sqrt.o(i.sqrt) for sqrt
    main.o(i.sumSuareRoot) refers to daddsub_clz.o(x$fpl$dadd) for __aeabi_dadd
    main.o(i.sumSuareRoot) refers to floor.o(i.floor) for floor
    main.o(i.sumSuareRoot) refers to dfix.o(x$fpl$dfix) for __aeabi_d2iz
    startup_lpc17xx.o(STACK) refers (Special) to heapauxi.o(.text) for __use_two_region_memory
    startup_lpc17xx.o(HEAP) refers (Special) to heapauxi.o(.text) for __use_two_region_memory
    startup_lpc17xx.o(RESET) refers (Special) to heapauxi.o(.text) for __use_two_region_memory
    startup_lpc17xx.o(RESET) refers to startup_lpc17xx.o(STACK) for __initial_sp
    startup_lpc17xx.o(RESET) refers to startup_lpc17xx.o(.text) for Reset_Handler
    startup_lpc17xx.o(.ARM.__at_0x02FC) refers (Special) to heapauxi.o(.text) for __use_two_region_memory
    startup_lpc17xx.o(.text) refers (Special) to heapauxi.o(.text) for __use_two_region_memory
    startup_lpc17xx.o(.text) refers to main.o(i.sumSuareRoot) for sumSuareRoot
    startup_lpc17xx.o(.text) refers to startup_lpc17xx.o(HEAP) for Heap_Mem
    startup_lpc17xx.o(.text) refers to startup_lpc17xx.o(STACK) for Stack_Mem
    system_lpc17xx.o(i.SystemCoreClockUpdate) refers to lludivv7m.o(.text) for __aeabi_uldivmod
    system_lpc17xx.o(i.SystemCoreClockUpdate) refers to system_lpc17xx.o(.data) for SystemCoreClock
    daddsub_clz.o(x$fpl$dadd) refers (Special) to usenofp.o(x$fpl$usenofp) for __I$use$fp
    daddsub_clz.o(x$fpl$dadd) refers to daddsub_clz.o(x$fpl$dsub) for _dsub1
    daddsub_clz.o(x$fpl$dadd) refers to dretinf.o(x$fpl$dretinf) for __fpl_dretinf
    daddsub_clz.o(x$fpl$dadd) refers to dnaninf.o(x$fpl$dnaninf) for __fpl_dnaninf
    daddsub_clz.o(x$fpl$drsb) refers (Special) to usenofp.o(x$fpl$usenofp) for __I$use$fp
    daddsub_clz.o(x$fpl$drsb) refers to daddsub_clz.o(x$fpl$dadd) for _dadd1
    daddsub_clz.o(x$fpl$drsb) refers to daddsub_clz.o(x$fpl$dsub) for _dsub1
    daddsub_clz.o(x$fpl$dsub) refers (Special) to usenofp.o(x$fpl$usenofp) for __I$use$fp
    daddsub_clz.o(x$fpl$dsub) refers to daddsub_clz.o(x$fpl$dadd) for _dadd1
    daddsub_clz.o(x$fpl$dsub) refers to dnaninf.o(x$fpl$dnaninf) for __fpl_dnaninf
    dfix.o(x$fpl$dfix) refers (Special) to usenofp.o(x$fpl$usenofp) for __I$use$fp
    dfix.o(x$fpl$dfix) refers to dnaninf.o(x$fpl$dnaninf) for __fpl_dnaninf
    dfix.o(x$fpl$dfixr) refers (Special) to usenofp.o(x$fpl$usenofp) for __I$use$fp
    dfix.o(x$fpl$dfixr) refers to dnaninf.o(x$fpl$dnaninf) for __fpl_dnaninf
    dflt_clz.o(x$fpl$dfltu) refers (Special) to usenofp.o(x$fpl$usenofp) for __I$use$fp
    dflt_clz.o(x$fpl$dflt) refers (Special) to usenofp.o(x$fpl$usenofp) for __I$use$fp
    dflt_clz.o(x$fpl$dfltn) refers (Special) to usenofp.o(x$fpl$usenofp) for __I$use$fp
    floor.o(i.__softfp_floor) refers (Special) to usenofp.o(x$fpl$usenofp) for __I$use$fp
    floor.o(i.__softfp_floor) refers to floor.o(i.floor) for floor
    floor.o(i.floor) refers (Special) to usenofp.o(x$fpl$usenofp) for __I$use$fp
    floor.o(i.floor) refers to daddsub_clz.o(x$fpl$dadd) for __aeabi_dadd
    floor.o(i.floor) refers to drleqf.o(x$fpl$drleqf) for __aeabi_cdrcmple
    floor.o(i.floor) refers to daddsub_clz.o(x$fpl$drsb) for __aeabi_drsub
    sqrt.o(i.__softfp_sqrt) refers (Special) to usenofp.o(x$fpl$usenofp) for __I$use$fp
    sqrt.o(i.__softfp_sqrt) refers to dsqrt_noumaal.o(x$fpl$dsqrt) for _dsqrt
    sqrt.o(i.__softfp_sqrt) refers to _rserrno.o(.text) for __set_errno
    sqrt.o(i.sqrt) refers (Special) to usenofp.o(x$fpl$usenofp) for __I$use$fp
    sqrt.o(i.sqrt) refers to dsqrt_noumaal.o(x$fpl$dsqrt) for _dsqrt
    sqrt.o(i.sqrt) refers to _rserrno.o(.text) for __set_errno
    sqrt_x.o(i.____softfp_sqrt$lsc) refers (Special) to usenofp.o(x$fpl$usenofp) for __I$use$fp
    sqrt_x.o(i.____softfp_sqrt$lsc) refers to dleqf.o(x$fpl$dleqf) for __aeabi_cdcmple
    sqrt_x.o(i.____softfp_sqrt$lsc) refers to _rserrno.o(.text) for __set_errno
    sqrt_x.o(i.____softfp_sqrt$lsc) refers to dsqrt_noumaal.o(x$fpl$dsqrt) for _dsqrt
    sqrt_x.o(i.__sqrt$lsc) refers (Special) to usenofp.o(x$fpl$usenofp) for __I$use$fp
    sqrt_x.o(i.__sqrt$lsc) refers to dleqf.o(x$fpl$dleqf) for __aeabi_cdcmple
    sqrt_x.o(i.__sqrt$lsc) refers to _rserrno.o(.text) for __set_errno
    sqrt_x.o(i.__sqrt$lsc) refers to dsqrt_noumaal.o(x$fpl$dsqrt) for _dsqrt
    aeabi_ldiv0_sigfpe.o(.text) refers to rt_div0.o(.text) for __rt_div0
    _rserrno.o(.text) refers to rt_errno_addr.o(.text) for __aeabi_errno_addr
    dleqf.o(x$fpl$dleqf) refers (Special) to usenofp.o(x$fpl$usenofp) for __I$use$fp
    dleqf.o(x$fpl$dleqf) refers to dnaninf.o(x$fpl$dnaninf) for __fpl_dnaninf
    dleqf.o(x$fpl$dleqf) refers to dcmpi.o(x$fpl$dcmpinf) for __fpl_dcmp_Inf
    dnaninf.o(x$fpl$dnaninf) refers (Special) to usenofp.o(x$fpl$usenofp) for __I$use$fp
    dretinf.o(x$fpl$dretinf) refers (Special) to usenofp.o(x$fpl$usenofp) for __I$use$fp
    drleqf.o(x$fpl$drleqf) refers (Special) to usenofp.o(x$fpl$usenofp) for __I$use$fp
    drleqf.o(x$fpl$drleqf) refers to dleqf.o(x$fpl$dleqf) for __fpl_dcmple_InfNaN
    dsqrt_noumaal.o(x$fpl$dsqrt) refers (Special) to usenofp.o(x$fpl$usenofp) for __I$use$fp
    dsqrt_noumaal.o(x$fpl$dsqrt) refers to dnaninf.o(x$fpl$dnaninf) for __fpl_dnaninf
    rt_div0.o(.text) refers to defsig_fpe_outer.o(.text) for __rt_SIGFPE
    rt_errno_addr.o(.text) refers to rt_errno_addr.o(.bss) for __aeabi_errno_addr_data
    rt_errno_addr_intlibspace.o(.text) refers to libspace.o(.bss) for __libspace_start
    dcmpi.o(x$fpl$dcmpinf) refers (Special) to usenofp.o(x$fpl$usenofp) for __I$use$fp
    libspace.o(.text) refers to libspace.o(.bss) for __libspace_start
    defsig_fpe_outer.o(.text) refers to defsig_fpe_inner.o(.text) for __rt_SIGFPE_inner
    defsig_fpe_outer.o(.text) refers to defsig_exit.o(.text) for __sig_exit
    defsig_fpe_formal.o(.text) refers to rt_raise.o(.text) for __rt_raise
    rt_raise.o(.text) refers to __raise.o(.text) for __raise
    rt_raise.o(.text) refers to sys_exit.o(.text) for _sys_exit
    defsig_exit.o(.text) refers to sys_exit.o(.text) for _sys_exit
    defsig_fpe_inner.o(.text) refers to defsig_general.o(.text) for __default_signal_display
    sys_exit.o(.text) refers (Special) to use_no_semi.o(.text) for __I$use$semihosting
    sys_exit.o(.text) refers (Special) to indicate_semi.o(.text) for __semihosting_library_function
    __raise.o(.text) refers to defsig.o(CL$$defsig) for __default_signal_handler
    defsig_general.o(.text) refers to sys_wrch.o(.text) for _ttywrch
    sys_wrch.o(.text) refers (Special) to use_no_semi.o(.text) for __I$use$semihosting
    sys_wrch.o(.text) refers (Special) to indicate_semi.o(.text) for __semihosting_library_function
    defsig.o(CL$$defsig) refers to defsig_fpe_inner.o(.text) for __rt_SIGFPE_inner
    defsig_abrt_inner.o(.text) refers to defsig_general.o(.text) for __default_signal_display
    defsig_rtred_inner.o(.text) refers to defsig_general.o(.text) for __default_signal_display
    defsig_rtmem_inner.o(.text) refers to defsig_general.o(.text) for __default_signal_display
    defsig_stak_inner.o(.text) refers to defsig_general.o(.text) for __default_signal_display
    defsig_pvfn_inner.o(.text) refers to defsig_general.o(.text) for __default_signal_display
    defsig_cppl_inner.o(.text) refers to defsig_general.o(.text) for __default_signal_display
    defsig_segv_inner.o(.text) refers to defsig_general.o(.text) for __default_signal_display
    defsig_other.o(.text) refers to defsig_general.o(.text) for __default_signal_display


==============================================================================

Removing Unused input sections from the image.

    Removing main.o(.rev16_text), (4 bytes).
    Removing main.o(.revsh_text), (4 bytes).
    Removing main.o(.rrx_text), (6 bytes).
    Removing system_lpc17xx.o(.rev16_text), (4 bytes).
    Removing system_lpc17xx.o(.revsh_text), (4 bytes).
    Removing system_lpc17xx.o(.rrx_text), (6 bytes).
    Removing system_lpc17xx.o(i.SystemCoreClockUpdate), (424 bytes).
    Removing system_lpc17xx.o(i.SystemInit), (320 bytes).
    Removing system_lpc17xx.o(.data), (4 bytes).

9 unused section(s) (total 776 bytes) removed from the image.

==============================================================================

Image Symbol Table

    Local Symbols

    Symbol Name                              Value     Ov Type        Size  Object(Section)

    RESET                                    0x00000000   Section      204  startup_lpc17xx.o(RESET)
    ../clib/angel/rt.s                       0x00000000   Number         0  aeabi_ldiv0.o ABSOLUTE
    ../clib/angel/rt.s                       0x00000000   Number         0  aeabi_ldiv0_sigfpe.o ABSOLUTE
    ../clib/angel/rt.s                       0x00000000   Number         0  rt_errno_addr_intlibspace.o ABSOLUTE
    ../clib/angel/rt.s                       0x00000000   Number         0  rt_errno_addr.o ABSOLUTE
    ../clib/angel/rt.s                       0x00000000   Number         0  rt_div0.o ABSOLUTE
    ../clib/angel/rt.s                       0x00000000   Number         0  rt_raise.o ABSOLUTE
    ../clib/angel/sys.s                      0x00000000   Number         0  indicate_semi.o ABSOLUTE
    ../clib/angel/sys.s                      0x00000000   Number         0  libspace.o ABSOLUTE
    ../clib/angel/sys.s                      0x00000000   Number         0  use_no_semi.o ABSOLUTE
    ../clib/angel/sysapp.c                   0x00000000   Number         0  sys_wrch.o ABSOLUTE
    ../clib/angel/sysapp.c                   0x00000000   Number         0  sys_exit.o ABSOLUTE
    ../clib/fenv.c                           0x00000000   Number         0  _rserrno.o ABSOLUTE
    ../clib/heapaux.c                        0x00000000   Number         0  heapauxi.o ABSOLUTE
    ../clib/longlong.s                       0x00000000   Number         0  lludivv7m.o ABSOLUTE
    ../clib/signal.c                         0x00000000   Number         0  defsig_fpe_outer.o ABSOLUTE
    ../clib/signal.c                         0x00000000   Number         0  defsig_fpe_formal.o ABSOLUTE
    ../clib/signal.c                         0x00000000   Number         0  defsig_other.o ABSOLUTE
    ../clib/signal.c                         0x00000000   Number         0  defsig_segv_inner.o ABSOLUTE
    ../clib/signal.c                         0x00000000   Number         0  defsig_cppl_inner.o ABSOLUTE
    ../clib/signal.c                         0x00000000   Number         0  defsig_pvfn_inner.o ABSOLUTE
    ../clib/signal.c                         0x00000000   Number         0  defsig_stak_inner.o ABSOLUTE
    ../clib/signal.c                         0x00000000   Number         0  defsig_rtmem_inner.o ABSOLUTE
    ../clib/signal.c                         0x00000000   Number         0  defsig_rtred_inner.o ABSOLUTE
    ../clib/signal.c                         0x00000000   Number         0  defsig_abrt_inner.o ABSOLUTE
    ../clib/signal.c                         0x00000000   Number         0  defsig_general.o ABSOLUTE
    ../clib/signal.c                         0x00000000   Number         0  __raise.o ABSOLUTE
    ../clib/signal.c                         0x00000000   Number         0  defsig_fpe_inner.o ABSOLUTE
    ../clib/signal.c                         0x00000000   Number         0  defsig_exit.o ABSOLUTE
    ../clib/signal.s                         0x00000000   Number         0  defsig.o ABSOLUTE
    ../fplib/daddsub.s                       0x00000000   Number         0  daddsub_clz.o ABSOLUTE
    ../fplib/dcmpi.s                         0x00000000   Number         0  dcmpi.o ABSOLUTE
    ../fplib/dfix.s                          0x00000000   Number         0  dfix.o ABSOLUTE
    ../fplib/dflt.s                          0x00000000   Number         0  dflt_clz.o ABSOLUTE
    ../fplib/dleqf.s                         0x00000000   Number         0  dleqf.o ABSOLUTE
    ../fplib/dnaninf.s                       0x00000000   Number         0  dnaninf.o ABSOLUTE
    ../fplib/dretinf.s                       0x00000000   Number         0  dretinf.o ABSOLUTE
    ../fplib/drleqf.s                        0x00000000   Number         0  drleqf.o ABSOLUTE
    ../fplib/dsqrt.s                         0x00000000   Number         0  dsqrt_noumaal.o ABSOLUTE
    ../fplib/usenofp.s                       0x00000000   Number         0  usenofp.o ABSOLUTE
    ../mathlib/floor.c                       0x00000000   Number         0  floor.o ABSOLUTE
    ../mathlib/sqrt.c                        0x00000000   Number         0  sqrt_x.o ABSOLUTE
    ../mathlib/sqrt.c                        0x00000000   Number         0  sqrt.o ABSOLUTE
    RTE\Device\LPC1768\startup_LPC17xx.s     0x00000000   Number         0  startup_lpc17xx.o ABSOLUTE
    RTE\Device\LPC1768\system_LPC17xx.c      0x00000000   Number         0  system_lpc17xx.o ABSOLUTE
    RTE\\Device\\LPC1768\\system_LPC17xx.c   0x00000000   Number         0  system_lpc17xx.o ABSOLUTE
    dc.s                                     0x00000000   Number         0  dc.o ABSOLUTE
    main.c                                   0x00000000   Number         0  main.o ABSOLUTE
    main.c                                   0x00000000   Number         0  main.o ABSOLUTE
    .text                                    0x000000cc   Section       60  startup_lpc17xx.o(.text)
    .text                                    0x00000108   Section        0  heapauxi.o(.text)
    .text                                    0x0000010e   Section        0  _rserrno.o(.text)
    .text                                    0x00000124   Section        8  rt_errno_addr.o(.text)
    i.floor                                  0x0000012c   Section        0  floor.o(i.floor)
    i.sqrt                                   0x00000208   Section        0  sqrt.o(i.sqrt)
    i.sumSuareRoot                           0x00000254   Section        0  main.o(i.sumSuareRoot)
    x$fpl$dcmpinf                            0x000002a0   Section       24  dcmpi.o(x$fpl$dcmpinf)
    x$fpl$dflt                               0x000002b8   Section       46  dflt_clz.o(x$fpl$dflt)
    x$fpl$dretinf                            0x000002e6   Section       12  dretinf.o(x$fpl$dretinf)
    x$fpl$usenofp                            0x000002f2   Section        0  usenofp.o(x$fpl$usenofp)
    .ARM.__at_0x02FC                         0x000002fc   Section        4  startup_lpc17xx.o(.ARM.__at_0x02FC)
    x$fpl$dadd                               0x00000300   Section      336  daddsub_clz.o(x$fpl$dadd)
    _dadd1                                   0x00000311   Thumb Code     0  daddsub_clz.o(x$fpl$dadd)
    x$fpl$dfix                               0x00000450   Section       94  dfix.o(x$fpl$dfix)
    x$fpl$dleqf                              0x000004b0   Section      120  dleqf.o(x$fpl$dleqf)
    x$fpl$dnaninf                            0x00000528   Section      156  dnaninf.o(x$fpl$dnaninf)
    x$fpl$drleqf                             0x000005c4   Section      108  drleqf.o(x$fpl$drleqf)
    x$fpl$drsb                               0x00000630   Section       22  daddsub_clz.o(x$fpl$drsb)
    x$fpl$dsqrt                              0x00000648   Section      460  dsqrt_noumaal.o(x$fpl$dsqrt)
    x$fpl$dsub                               0x00000814   Section      468  daddsub_clz.o(x$fpl$dsub)
    _dsub1                                   0x00000825   Thumb Code     0  daddsub_clz.o(x$fpl$dsub)
    .bss                                     0x10000000   Section        4  rt_errno_addr.o(.bss)
    __aeabi_errno_addr_data                  0x10000000   Data           4  rt_errno_addr.o(.bss)
    HEAP                                     0x10000008   Section        0  startup_lpc17xx.o(HEAP)
    STACK                                    0x10000008   Section      512  startup_lpc17xx.o(STACK)
    Heap_Mem                                 0x10000008   Data           0  startup_lpc17xx.o(HEAP)
    Stack_Mem                                0x10000008   Data         512  startup_lpc17xx.o(STACK)
    __initial_sp                             0x10000208   Data           0  startup_lpc17xx.o(STACK)

    Global Symbols

    Symbol Name                              Value     Ov Type        Size  Object(Section)

    BuildAttributes$$THM_ISAv4$P$D$K$B$S$PE$A:L22UL41UL21$X:L11$S22US41US21$IEEE1$IW$USESV6$~STKCKD$USESV7$~SHL$OTIME$ROPI$IEEEJ$EBA8$STANDARDLIB$REQ8$PRES8$EABIv2 0x00000000   Number         0  anon$$obj.o ABSOLUTE
    __Vectors                                0x00000000   Data           4  startup_lpc17xx.o(RESET)
    __sigvec_lookup                           - Undefined Weak Reference
    Reset_Handler                            0x000000cd   Thumb Code    14  startup_lpc17xx.o(.text)
    NMI_Handler                              0x000000db   Thumb Code     2  startup_lpc17xx.o(.text)
    HardFault_Handler                        0x000000dd   Thumb Code     2  startup_lpc17xx.o(.text)
    MemManage_Handler                        0x000000df   Thumb Code     2  startup_lpc17xx.o(.text)
    BusFault_Handler                         0x000000e1   Thumb Code     2  startup_lpc17xx.o(.text)
    UsageFault_Handler                       0x000000e3   Thumb Code     2  startup_lpc17xx.o(.text)
    SVC_Handler                              0x000000e5   Thumb Code     2  startup_lpc17xx.o(.text)
    DebugMon_Handler                         0x000000e7   Thumb Code     2  startup_lpc17xx.o(.text)
    PendSV_Handler                           0x000000e9   Thumb Code     2  startup_lpc17xx.o(.text)
    SysTick_Handler                          0x000000eb   Thumb Code     2  startup_lpc17xx.o(.text)
    ADC_IRQHandler                           0x000000ed   Thumb Code     0  startup_lpc17xx.o(.text)
    BOD_IRQHandler                           0x000000ed   Thumb Code     0  startup_lpc17xx.o(.text)
    CANActivity_IRQHandler                   0x000000ed   Thumb Code     0  startup_lpc17xx.o(.text)
    CAN_IRQHandler                           0x000000ed   Thumb Code     0  startup_lpc17xx.o(.text)
    DMA_IRQHandler                           0x000000ed   Thumb Code     0  startup_lpc17xx.o(.text)
    EINT0_IRQHandler                         0x000000ed   Thumb Code     0  startup_lpc17xx.o(.text)
    EINT1_IRQHandler                         0x000000ed   Thumb Code     0  startup_lpc17xx.o(.text)
    EINT2_IRQHandler                         0x000000ed   Thumb Code     0  startup_lpc17xx.o(.text)
    EINT3_IRQHandler                         0x000000ed   Thumb Code     0  startup_lpc17xx.o(.text)
    ENET_IRQHandler                          0x000000ed   Thumb Code     0  startup_lpc17xx.o(.text)
    I2C0_IRQHandler                          0x000000ed   Thumb Code     0  startup_lpc17xx.o(.text)
    I2C1_IRQHandler                          0x000000ed   Thumb Code     0  startup_lpc17xx.o(.text)
    I2C2_IRQHandler                          0x000000ed   Thumb Code     0  startup_lpc17xx.o(.text)
    I2S_IRQHandler                           0x000000ed   Thumb Code     0  startup_lpc17xx.o(.text)
    MCPWM_IRQHandler                         0x000000ed   Thumb Code     0  startup_lpc17xx.o(.text)
    PLL0_IRQHandler                          0x000000ed   Thumb Code     0  startup_lpc17xx.o(.text)
    PLL1_IRQHandler                          0x000000ed   Thumb Code     0  startup_lpc17xx.o(.text)
    PWM1_IRQHandler                          0x000000ed   Thumb Code     0  startup_lpc17xx.o(.text)
    QEI_IRQHandler                           0x000000ed   Thumb Code     0  startup_lpc17xx.o(.text)
    RIT_IRQHandler                           0x000000ed   Thumb Code     0  startup_lpc17xx.o(.text)
    RTC_IRQHandler                           0x000000ed   Thumb Code     0  startup_lpc17xx.o(.text)
    SPI_IRQHandler                           0x000000ed   Thumb Code     0  startup_lpc17xx.o(.text)
    SSP0_IRQHandler                          0x000000ed   Thumb Code     0  startup_lpc17xx.o(.text)
    SSP1_IRQHandler                          0x000000ed   Thumb Code     0  startup_lpc17xx.o(.text)
    TIMER0_IRQHandler                        0x000000ed   Thumb Code     0  startup_lpc17xx.o(.text)
    TIMER1_IRQHandler                        0x000000ed   Thumb Code     0  startup_lpc17xx.o(.text)
    TIMER2_IRQHandler                        0x000000ed   Thumb Code     0  startup_lpc17xx.o(.text)
    TIMER3_IRQHandler                        0x000000ed   Thumb Code     0  startup_lpc17xx.o(.text)
    UART0_IRQHandler                         0x000000ed   Thumb Code     0  startup_lpc17xx.o(.text)
    UART1_IRQHandler                         0x000000ed   Thumb Code     0  startup_lpc17xx.o(.text)
    UART2_IRQHandler                         0x000000ed   Thumb Code     0  startup_lpc17xx.o(.text)
    UART3_IRQHandler                         0x000000ed   Thumb Code     0  startup_lpc17xx.o(.text)
    USBActivity_IRQHandler                   0x000000ed   Thumb Code     0  startup_lpc17xx.o(.text)
    USB_IRQHandler                           0x000000ed   Thumb Code     0  startup_lpc17xx.o(.text)
    WDT_IRQHandler                           0x000000ed   Thumb Code     0  startup_lpc17xx.o(.text)
    __user_initial_stackheap                 0x000000f1   Thumb Code     0  startup_lpc17xx.o(.text)
    __use_two_region_memory                  0x00000109   Thumb Code     2  heapauxi.o(.text)
    __rt_heap_escrow$2region                 0x0000010b   Thumb Code     2  heapauxi.o(.text)
    __rt_heap_expand$2region                 0x0000010d   Thumb Code     2  heapauxi.o(.text)
    __read_errno                             0x0000010f   Thumb Code    10  _rserrno.o(.text)
    __set_errno                              0x00000119   Thumb Code    12  _rserrno.o(.text)
    __aeabi_errno_addr                       0x00000125   Thumb Code     8  rt_errno_addr.o(.text)
    __errno                                  0x00000125   Thumb Code     0  rt_errno_addr.o(.text)
    __rt_errno_addr                          0x00000125   Thumb Code     0  rt_errno_addr.o(.text)
    floor                                    0x0000012d   Thumb Code   204  floor.o(i.floor)
    sqrt                                     0x00000209   Thumb Code    76  sqrt.o(i.sqrt)
    sumSuareRoot                             0x00000255   Thumb Code    70  main.o(i.sumSuareRoot)
    __fpl_dcmp_Inf                           0x000002a1   Thumb Code    24  dcmpi.o(x$fpl$dcmpinf)
    __aeabi_i2d                              0x000002b9   Thumb Code     0  dflt_clz.o(x$fpl$dflt)
    _dflt                                    0x000002b9   Thumb Code    46  dflt_clz.o(x$fpl$dflt)
    __fpl_dretinf                            0x000002e7   Thumb Code    12  dretinf.o(x$fpl$dretinf)
    __I$use$fp                               0x000002f2   Number         0  usenofp.o(x$fpl$usenofp)
    __aeabi_dadd                             0x00000301   Thumb Code     0  daddsub_clz.o(x$fpl$dadd)
    _dadd                                    0x00000301   Thumb Code   332  daddsub_clz.o(x$fpl$dadd)
    __aeabi_d2iz                             0x00000451   Thumb Code     0  dfix.o(x$fpl$dfix)
    _dfix                                    0x00000451   Thumb Code    94  dfix.o(x$fpl$dfix)
    __aeabi_cdcmple                          0x000004b1   Thumb Code     0  dleqf.o(x$fpl$dleqf)
    _dcmple                                  0x000004b1   Thumb Code   120  dleqf.o(x$fpl$dleqf)
    __fpl_dcmple_InfNaN                      0x00000513   Thumb Code     0  dleqf.o(x$fpl$dleqf)
    __fpl_dnaninf                            0x00000529   Thumb Code   156  dnaninf.o(x$fpl$dnaninf)
    __aeabi_cdrcmple                         0x000005c5   Thumb Code     0  drleqf.o(x$fpl$drleqf)
    _drcmple                                 0x000005c5   Thumb Code   108  drleqf.o(x$fpl$drleqf)
    __aeabi_drsub                            0x00000631   Thumb Code     0  daddsub_clz.o(x$fpl$drsb)
    _drsb                                    0x00000631   Thumb Code    22  daddsub_clz.o(x$fpl$drsb)
    _dsqrt                                   0x00000649   Thumb Code   456  dsqrt_noumaal.o(x$fpl$dsqrt)
    __aeabi_dsub                             0x00000815   Thumb Code     0  daddsub_clz.o(x$fpl$dsub)
    _dsub                                    0x00000815   Thumb Code   464  daddsub_clz.o(x$fpl$dsub)



==============================================================================

Memory Map of the image

  Image Entry point : 0x000000cd

  Load Region LR_1 (Base: 0x00000000, Size: 0x000009e8, Max: 0xffffffff, ABSOLUTE)

    Execution Region ER_RO (Exec base: 0x00000000, Load base: 0x00000000, Size: 0x000009e8, Max: 0xffffffff, ABSOLUTE)

    Exec Addr    Load Addr    Size         Type   Attr      Idx    E Section Name        Object

    0x00000000   0x00000000   0x000000cc   Data   RO           60    RESET               startup_lpc17xx.o
    0x000000cc   0x000000cc   0x0000003c   Code   RO           62  * .text               startup_lpc17xx.o
    0x00000108   0x00000108   0x00000006   Code   RO          108    .text               c_w.l(heapauxi.o)
    0x0000010e   0x0000010e   0x00000016   Code   RO          142    .text               c_w.l(_rserrno.o)
    0x00000124   0x00000124   0x00000008   Code   RO          157    .text               c_w.l(rt_errno_addr.o)
    0x0000012c   0x0000012c   0x000000dc   Code   RO          127    i.floor             m_ws.l(floor.o)
    0x00000208   0x00000208   0x0000004c   Code   RO          131    i.sqrt              m_ws.l(sqrt.o)
    0x00000254   0x00000254   0x0000004c   Code   RO            4    i.sumSuareRoot      main.o
    0x000002a0   0x000002a0   0x00000018   Code   RO          162    x$fpl$dcmpinf       fz_ws.l(dcmpi.o)
    0x000002b8   0x000002b8   0x0000002e   Code   RO          121    x$fpl$dflt          fz_ws.l(dflt_clz.o)
    0x000002e6   0x000002e6   0x0000000c   Code   RO          148    x$fpl$dretinf       fz_ws.l(dretinf.o)
    0x000002f2   0x000002f2   0x00000000   Code   RO          154    x$fpl$usenofp       fz_ws.l(usenofp.o)
    0x000002f2   0x000002f2   0x0000000a   PAD
    0x000002fc   0x000002fc   0x00000004   Code   RO           61    .ARM.__at_0x02FC    startup_lpc17xx.o
    0x00000300   0x00000300   0x00000150   Code   RO          110    x$fpl$dadd          fz_ws.l(daddsub_clz.o)
    0x00000450   0x00000450   0x0000005e   Code   RO          116    x$fpl$dfix          fz_ws.l(dfix.o)
    0x000004ae   0x000004ae   0x00000002   PAD
    0x000004b0   0x000004b0   0x00000078   Code   RO          144    x$fpl$dleqf         fz_ws.l(dleqf.o)
    0x00000528   0x00000528   0x0000009c   Code   RO          146    x$fpl$dnaninf       fz_ws.l(dnaninf.o)
    0x000005c4   0x000005c4   0x0000006c   Code   RO          150    x$fpl$drleqf        fz_ws.l(drleqf.o)
    0x00000630   0x00000630   0x00000016   Code   RO          111    x$fpl$drsb          fz_ws.l(daddsub_clz.o)
    0x00000646   0x00000646   0x00000002   PAD
    0x00000648   0x00000648   0x000001cc   Code   RO          152    x$fpl$dsqrt         fz_ws.l(dsqrt_noumaal.o)
    0x00000814   0x00000814   0x000001d4   Code   RO          112    x$fpl$dsub          fz_ws.l(daddsub_clz.o)


    Execution Region ER_RW (Exec base: 0x10000000, Load base: 0x000009e8, Size: 0x00000000, Max: 0xffffffff, ABSOLUTE)

    **** No section assigned to this execution region ****


    Execution Region ER_ZI (Exec base: 0x10000000, Load base: 0x000009e8, Size: 0x00000208, Max: 0xffffffff, ABSOLUTE)

    Exec Addr    Load Addr    Size         Type   Attr      Idx    E Section Name        Object

    0x10000000        -       0x00000004   Zero   RW          158    .bss                c_w.l(rt_errno_addr.o)
    0x10000004   0x000009e8   0x00000004   PAD
    0x10000008        -       0x00000000   Zero   RW           59    HEAP                startup_lpc17xx.o
    0x10000008        -       0x00000200   Zero   RW           58    STACK               startup_lpc17xx.o


==============================================================================

Image component sizes


      Code (inc. data)   RO Data    RW Data    ZI Data      Debug   Object Name

        76          6          0          0          0       2099   main.o
        64         20        204          0        512       1108   startup_lpc17xx.o

    ----------------------------------------------------------------------
       140         26        204          0        512       3207   Object Totals
         0          0          0          0          0          0   (incl. Generated)
         0          0          0          0          0          0   (incl. Padding)

    ----------------------------------------------------------------------

      Code (inc. data)   RO Data    RW Data    ZI Data      Debug   Library Member Name

        22          0          0          0          0        100   _rserrno.o
         6          0          0          0          0        152   heapauxi.o
         8          4          0          0          4         68   rt_errno_addr.o
       826         16          0          0          0        348   daddsub_clz.o
        24          0          0          0          0         68   dcmpi.o
        94          4          0          0          0         92   dfix.o
        46          0          0          0          0         68   dflt_clz.o
       120          4          0          0          0         92   dleqf.o
       156          4          0          0          0         92   dnaninf.o
        12          0          0          0          0         68   dretinf.o
       108          0          0          0          0         80   drleqf.o
       460         56          0          0          0        120   dsqrt_noumaal.o
         0          0          0          0          0          0   usenofp.o
       220         16          0          0          0         84   floor.o
        76          0          0          0          0         84   sqrt.o

    ----------------------------------------------------------------------
      2192        104          0          0          8       1516   Library Totals
        14          0          0          0          4          0   (incl. Padding)

    ----------------------------------------------------------------------

      Code (inc. data)   RO Data    RW Data    ZI Data      Debug   Library Name

        36          4          0          0          4        320   c_w.l
      1846         84          0          0          0       1028   fz_ws.l
       296         16          0          0          0        168   m_ws.l

    ----------------------------------------------------------------------
      2192        104          0          0          8       1516   Library Totals

    ----------------------------------------------------------------------

==============================================================================


      Code (inc. data)   RO Data    RW Data    ZI Data      Debug   

      2332        130        204          0        520       3891   Grand Totals
      2332        130        204          0        520       3891   ELF Image Totals
      2332        130        204          0          0          0   ROM Totals

==============================================================================

    Total RO  Size (Code + RO Data)                 2536 (   2.48kB)
    Total RW  Size (RW Data + ZI Data)               520 (   0.51kB)
    Total ROM Size (Code + RO Data + RW Data)       2536 (   2.48kB)

==============================================================================

